Component: ARM Compiler 5.06 update 5 (build 528) Tool: armlink [4d35e2]

==============================================================================

Section Cross References

    startup_stm32f070xb.o(STACK) refers (Special) to heapauxi.o(.text) for __use_two_region_memory
    startup_stm32f070xb.o(HEAP) refers (Special) to heapauxi.o(.text) for __use_two_region_memory
    startup_stm32f070xb.o(RESET) refers (Special) to heapauxi.o(.text) for __use_two_region_memory
    startup_stm32f070xb.o(RESET) refers to startup_stm32f070xb.o(STACK) for __initial_sp
    startup_stm32f070xb.o(RESET) refers to startup_stm32f070xb.o(.text) for Reset_Handler
    startup_stm32f070xb.o(RESET) refers to stm32f0xx_it.o(i.NMI_Handler) for NMI_Handler
    startup_stm32f070xb.o(RESET) refers to stm32f0xx_it.o(i.HardFault_Handler) for HardFault_Handler
    startup_stm32f070xb.o(RESET) refers to stm32f0xx_it.o(i.SVC_Handler) for SVC_Handler
    startup_stm32f070xb.o(RESET) refers to stm32f0xx_it.o(i.PendSV_Handler) for PendSV_Handler
    startup_stm32f070xb.o(RESET) refers to stm32f0xx_it.o(i.SysTick_Handler) for SysTick_Handler
    startup_stm32f070xb.o(RESET) refers to stm32f0xx_it.o(i.USART1_IRQHandler) for USART1_IRQHandler
    startup_stm32f070xb.o(RESET) refers to stm32f0xx_it.o(i.USB_IRQHandler) for USB_IRQHandler
    startup_stm32f070xb.o(.text) refers (Special) to heapauxi.o(.text) for __use_two_region_memory
    startup_stm32f070xb.o(.text) refers to system_stm32f0xx.o(i.SystemInit) for SystemInit
    startup_stm32f070xb.o(.text) refers to __main.o(!!!main) for __main
    startup_stm32f070xb.o(.text) refers to startup_stm32f070xb.o(HEAP) for Heap_Mem
    startup_stm32f070xb.o(.text) refers to startup_stm32f070xb.o(STACK) for Stack_Mem
    main.o(i.Alarmtosend) refers to main.o(.data) for Input1_8_Send
    main.o(i.Alarmtosend) refers to main.o(.bss) for fault
    main.o(i.Anal_Function) refers to stm32f0xx_hal_gpio.o(i.HAL_GPIO_WritePin) for HAL_GPIO_WritePin
    main.o(i.Anal_Function) refers to main.o(i.CheckAutoReset) for CheckAutoReset
    main.o(i.Anal_Function) refers to main.o(.bss) for analfault_index
    main.o(i.Anal_Function) refers to main.o(.data) for Test_fault
    main.o(i.CRC_Cal) refers to main.o(.data) for CRC_Hi
    main.o(i.CRC_Cal) refers to main.o(.constdata) for CRC_Table_Hi
    main.o(i.Cal_Data1) refers to main.o(.data) for Flashindex
    main.o(i.Cal_Data1) refers to main.o(.bss) for Flashdata
    main.o(i.Cal_Data1) refers to usbd_cdc_if.o(.bss) for UserRxBufferFS
    main.o(i.Cal_Data2) refers to usbd_cdc_if.o(.bss) for UserRxBufferFS
    main.o(i.Cal_Data2) refers to main.o(.bss) for fault
    main.o(i.Cal_Data3) refers to usbd_cdc_if.o(.bss) for UserRxBufferFS
    main.o(i.Cal_Data3) refers to main.o(.bss) for fault
    main.o(i.Cal_Data3) refers to main.o(.data) for ReFaultEn
    main.o(i.CheckAutoReset) refers to main.o(.data) for check
    main.o(i.CheckAutoReset) refers to main.o(.bss) for fault
    main.o(i.Driver595) refers to stm32f0xx_hal_spi.o(i.HAL_SPI_Transmit) for HAL_SPI_Transmit
    main.o(i.Driver595) refers to stm32f0xx_hal_gpio.o(i.HAL_GPIO_WritePin) for HAL_GPIO_WritePin
    main.o(i.Driver595) refers to main.o(i.delay_us) for delay_us
    main.o(i.Driver595) refers to main.o(.data) for NoOfPoint
    main.o(i.Driver595) refers to main.o(.bss) for hspi1
    main.o(i.FlashErase) refers to stm32f0xx_hal_flash.o(i.HAL_FLASH_Unlock) for HAL_FLASH_Unlock
    main.o(i.FlashWrite) refers to stm32f0xx_hal_flash.o(i.HAL_FLASH_Unlock) for HAL_FLASH_Unlock
    main.o(i.ForceAllAlarm) refers to main.o(.bss) for fault
    main.o(i.ForceAllAlarm) refers to main.o(.data) for NoOfPoint
    main.o(i.HAL_SYSTICK_Callback) refers to stm32f0xx_hal_gpio.o(i.HAL_GPIO_WritePin) for HAL_GPIO_WritePin
    main.o(i.HAL_SYSTICK_Callback) refers to main.o(.data) for timer10ms
    main.o(i.IO_INPUT_A) refers to main.o(i.IO_READ_REGISTER) for IO_READ_REGISTER
    main.o(i.IO_INPUT_B) refers to main.o(i.IO_READ_REGISTER) for IO_READ_REGISTER
    main.o(i.IO_OUTPUT_A) refers to main.o(i.IO_WRITE_REGISTER) for IO_WRITE_REGISTER
    main.o(i.IO_OUTPUT_B) refers to main.o(i.IO_WRITE_REGISTER) for IO_WRITE_REGISTER
    main.o(i.IO_READ_REGISTER) refers to stm32f0xx_hal_gpio.o(i.HAL_GPIO_WritePin) for HAL_GPIO_WritePin
    main.o(i.IO_READ_REGISTER) refers to stm32f0xx_hal_spi.o(i.HAL_SPI_Transmit) for HAL_SPI_Transmit
    main.o(i.IO_READ_REGISTER) refers to stm32f0xx_hal_spi.o(i.HAL_SPI_Receive) for HAL_SPI_Receive
    main.o(i.IO_READ_REGISTER) refers to main.o(.bss) for hspi2
    main.o(i.IO_READ_REGISTER) refers to main.o(.data) for SPI_Status
    main.o(i.IO_SET_TRIS_A) refers to main.o(i.IO_WRITE_REGISTER) for IO_WRITE_REGISTER
    main.o(i.IO_SET_TRIS_B) refers to main.o(i.IO_WRITE_REGISTER) for IO_WRITE_REGISTER
    main.o(i.IO_WRITE_REGISTER) refers to stm32f0xx_hal_gpio.o(i.HAL_GPIO_WritePin) for HAL_GPIO_WritePin
[...]
    _terminateio                              - Undefined Weak Reference
    __Vectors_Size                           0x000000c0   Number         0  startup_stm32f070xb.o ABSOLUTE
    __Vectors                                0x08000000   Data           4  startup_stm32f070xb.o(RESET)
    __Vectors_End                            0x080000c0   Data           0  startup_stm32f070xb.o(RESET)
    __main                                   0x080000c1   Thumb Code     8  __main.o(!!!main)
    __scatterload                            0x080000c9   Thumb Code     0  __scatter.o(!!!scatter)
    __scatterload_rt2                        0x080000c9   Thumb Code    52  __scatter.o(!!!scatter)
    __scatterload_rt2_thumb_only             0x080000c9   Thumb Code     0  __scatter.o(!!!scatter)
    __scatterload_null                       0x080000d9   Thumb Code     0  __scatter.o(!!!scatter)
    __scatterload_zeroinit                   0x08000105   Thumb Code    28  __scatter_zi.o(!!handler_zi)
    __rt_lib_init                            0x08000121   Thumb Code     0  libinit.o(.ARM.Collect$$libinit$$00000000)
    __rt_lib_init_alloca_1                   0x08000123   Thumb Code     0  libinit2.o(.ARM.Collect$$libinit$$0000002E)
    __rt_lib_init_argv_1                     0x08000123   Thumb Code     0  libinit2.o(.ARM.Collect$$libinit$$0000002C)
    __rt_lib_init_atexit_1                   0x08000123   Thumb Code     0  libinit2.o(.ARM.Collect$$libinit$$0000001B)
    __rt_lib_init_clock_1                    0x08000123   Thumb Code     0  libinit2.o(.ARM.Collect$$libinit$$00000021)
    __rt_lib_init_cpp_1                      0x08000123   Thumb Code     0  libinit2.o(.ARM.Collect$$libinit$$00000032)
    __rt_lib_init_exceptions_1               0x08000123   Thumb Code     0  libinit2.o(.ARM.Collect$$libinit$$00000030)
    __rt_lib_init_fp_1                       0x08000123   Thumb Code     0  libinit2.o(.ARM.Collect$$libinit$$00000002)
    __rt_lib_init_fp_trap_1                  0x08000123   Thumb Code     0  libinit2.o(.ARM.Collect$$libinit$$0000001F)
    __rt_lib_init_getenv_1                   0x08000123   Thumb Code     0  libinit2.o(.ARM.Collect$$libinit$$00000023)
    __rt_lib_init_heap_1                     0x08000123   Thumb Code     0  libinit2.o(.ARM.Collect$$libinit$$0000000A)
    __rt_lib_init_lc_collate_1               0x08000123   Thumb Code     0  libinit2.o(.ARM.Collect$$libinit$$00000011)
    __rt_lib_init_lc_ctype_1                 0x08000123   Thumb Code     0  libinit2.o(.ARM.Collect$$libinit$$00000013)
    __rt_lib_init_lc_monetary_1              0x08000123   Thumb Code     0  libinit2.o(.ARM.Collect$$libinit$$00000015)
    __rt_lib_init_lc_numeric_1               0x08000123   Thumb Code     0  libinit2.o(.ARM.Collect$$libinit$$00000017)
    __rt_lib_init_lc_time_1                  0x08000123   Thumb Code     0  libinit2.o(.ARM.Collect$$libinit$$00000019)
    __rt_lib_init_preinit_1                  0x08000123   Thumb Code     0  libinit2.o(.ARM.Collect$$libinit$$00000004)
    __rt_lib_init_rand_1                     0x08000123   Thumb Code     0  libinit2.o(.ARM.Collect$$libinit$$0000000E)
    __rt_lib_init_return                     0x08000123   Thumb Code     0  libinit2.o(.ARM.Collect$$libinit$$00000033)
    __rt_lib_init_signal_1                   0x08000123   Thumb Code     0  libinit2.o(.ARM.Collect$$libinit$$0000001D)
    __rt_lib_init_stdio_1                    0x08000123   Thumb Code     0  libinit2.o(.ARM.Collect$$libinit$$00000025)
    __rt_lib_init_user_alloc_1               0x08000123   Thumb Code     0  libinit2.o(.ARM.Collect$$libinit$$0000000C)
    __rt_lib_shutdown                        0x08000125   Thumb Code     0  libshutdown.o(.ARM.Collect$$libshutdown$$00000000)
    __rt_lib_shutdown_cpp_1                  0x08000127   Thumb Code     0  libshutdown2.o(.ARM.Collect$$libshutdown$$00000002)
    __rt_lib_shutdown_fp_trap_1              0x08000127   Thumb Code     0  libshutdown2.o(.ARM.Collect$$libshutdown$$00000007)
    __rt_lib_shutdown_heap_1                 0x08000127   Thumb Code     0  libshutdown2.o(.ARM.Collect$$libshutdown$$0000000F)
    __rt_lib_shutdown_return                 0x08000127   Thumb Code     0  libshutdown2.o(.ARM.Collect$$libshutdown$$00000010)
    __rt_lib_shutdown_signal_1               0x08000127   Thumb Code     0  libshutdown2.o(.ARM.Collect$$libshutdown$$0000000A)
    __rt_lib_shutdown_stdio_1                0x08000127   Thumb Code     0  libshutdown2.o(.ARM.Collect$$libshutdown$$00000004)
    __rt_lib_shutdown_user_alloc_1           0x08000127   Thumb Code     0  libshutdown2.o(.ARM.Collect$$libshutdown$$0000000C)
    __rt_entry                               0x08000129   Thumb Code     0  __rtentry.o(.ARM.Collect$$rtentry$$00000000)
    __rt_entry_presh_1                       0x08000129   Thumb Code     0  __rtentry2.o(.ARM.Collect$$rtentry$$00000002)
    __rt_entry_sh                            0x08000129   Thumb Code     0  __rtentry4.o(.ARM.Collect$$rtentry$$00000004)
    __rt_entry_li                            0x0800012f   Thumb Code     0  __rtentry2.o(.ARM.Collect$$rtentry$$0000000A)
    __rt_entry_postsh_1                      0x0800012f   Thumb Code     0  __rtentry2.o(.ARM.Collect$$rtentry$$00000009)
    __rt_entry_main                          0x08000133   Thumb Code     0  __rtentry2.o(.ARM.Collect$$rtentry$$0000000D)
    __rt_entry_postli_1                      0x08000133   Thumb Code     0  __rtentry2.o(.ARM.Collect$$rtentry$$0000000C)
    __rt_exit                                0x0800013b   Thumb Code     0  rtexit.o(.ARM.Collect$$rtexit$$00000000)
    __rt_exit_ls                             0x0800013d   Thumb Code     0  rtexit2.o(.ARM.Collect$$rtexit$$00000003)
    __rt_exit_prels_1                        0x0800013d   Thumb Code     0  rtexit2.o(.ARM.Collect$$rtexit$$00000002)
    __rt_exit_exit                           0x08000141   Thumb Code     0  rtexit2.o(.ARM.Collect$$rtexit$$00000004)
    __aeabi_memcpy4                          0x08000149   Thumb Code    56  rt_memcpy.o(.emb_text)
    __aeabi_memcpy8                          0x08000149   Thumb Code     0  rt_memcpy.o(.emb_text)
    Reset_Handler                            0x08000181   Thumb Code     8  startup_stm32f070xb.o(.text)
    ADC1_IRQHandler                          0x08000193   Thumb Code     0  startup_stm32f070xb.o(.text)
    DMA1_Channel1_IRQHandler                 0x08000193   Thumb Code     0  startup_stm32f070xb.o(.text)
    DMA1_Channel2_3_IRQHandler               0x08000193   Thumb Code     0  startup_stm32f070xb.o(.text)
    DMA1_Channel4_5_IRQHandler               0x08000193   Thumb Code     0  startup_stm32f070xb.o(.text)
    EXTI0_1_IRQHandler                       0x08000193   Thumb Code     0  startup_stm32f070xb.o(.text)
    EXTI2_3_IRQHandler                       0x08000193   Thumb Code     0  startup_stm32f070xb.o(.text)
    EXTI4_15_IRQHandler                      0x08000193   Thumb Code     0  startup_stm32f070xb.o(.text)
    FLASH_IRQHandler                         0x08000193   Thumb Code     0  startup_stm32f070xb.o(.text)
    I2C1_IRQHandler                          0x08000193   Thumb Code     0  startup_stm32f070xb.o(.text)
    I2C2_IRQHandler                          0x08000193   Thumb Code     0  startup_stm32f070xb.o(.text)
    RCC_IRQHandler                           0x08000193   Thumb Code     0  startup_stm32f070xb.o(.text)
    RTC_IRQHandler                           0x08000193   Thumb Code     0  startup_stm32f070xb.o(.text)
    SPI1_IRQHandler                          0x08000193   Thumb Code     0  startup_stm32f070xb.o(.text)
    SPI2_IRQHandler                          0x08000193   Thumb Code     0  startup_stm32f070xb.o(.text)
    TIM14_IRQHandler                         0x08000193   Thumb Code     0  startup_stm32f070xb.o(.text)
    TIM15_IRQHandler                         0x08000193   Thumb Code     0  startup_stm32f070xb.o(.text)
    TIM16_IRQHandler                         0x08000193   Thumb Code     0  startup_stm32f070xb.o(.text)
    TIM17_IRQHandler                         0x08000193   Thumb Code     0  startup_stm32f070xb.o(.text)
    TIM1_BRK_UP_TRG_COM_IRQHandler           0x08000193   Thumb Code     0  startup_stm32f070xb.o(.text)
    TIM1_CC_IRQHandler                       0x08000193   Thumb Code     0  startup_stm32f070xb.o(.text)
    TIM3_IRQHandler                          0x08000193   Thumb Code     0  startup_stm32f070xb.o(.text)
    TIM6_IRQHandler                          0x08000193   Thumb Code     0  startup_stm32f070xb.o(.text)
    TIM7_IRQHandler                          0x08000193   Thumb Code     0  startup_stm32f070xb.o(.text)
    USART2_IRQHandler                        0x08000193   Thumb Code     0  startup_stm32f070xb.o(.text)
    USART3_4_IRQHandler                      0x08000193   Thumb Code     0  startup_stm32f070xb.o(.text)
    WWDG_IRQHandler                          0x08000193   Thumb Code     0  startup_stm32f070xb.o(.text)
    __user_initial_stackheap                 0x08000195   Thumb Code     0  startup_stm32f070xb.o(.text)
    __aeabi_uldivmod                         0x080001b9   Thumb Code   258  lludiv.o(.text)
    _ll_udiv                                 0x080001b9   Thumb Code     0  lludiv.o(.text)
    _memset_w                                0x080002bb   Thumb Code    26  rt_memclr.o(.text)
    _memset                                  0x080002d5   Thumb Code    30  rt_memclr.o(.text)
    __aeabi_memclr                           0x080002f3   Thumb Code     4  rt_memclr.o(.text)
    __rt_memclr                              0x080002f3   Thumb Code     0  rt_memclr.o(.text)
    __aeabi_memclr4                          0x080002f7   Thumb Code     0  rt_memclr.o(.text)
    __aeabi_memclr8                          0x080002f7   Thumb Code     0  rt_memclr.o(.text)
    __rt_memclr_w                            0x080002f7   Thumb Code     4  rt_memclr.o(.text)
    __aeabi_uidiv                            0x080002fb   Thumb Code     0  aeabi_sdiv.o(.text)
    __aeabi_uidivmod                         0x080002fb   Thumb Code    20  aeabi_sdiv.o(.text)
    __aeabi_idiv                             0x0800030f   Thumb Code     0  aeabi_sdiv.o(.text)
    __aeabi_idivmod                          0x0800030f   Thumb Code   326  aeabi_sdiv.o(.text)
    __use_two_region_memory                  0x08000455   Thumb Code     2  heapauxi.o(.text)
    __rt_heap_escrow$2region                 0x08000457   Thumb Code     2  heapauxi.o(.text)
    __rt_heap_expand$2region                 0x08000459   Thumb Code     2  heapauxi.o(.text)
    __user_setup_stackheap                   0x0800045b   Thumb Code    62  sys_stackheap_outer.o(.text)
    exit                                     0x08000499   Thumb Code    16  exit.o(.text)
    __user_libspace                          0x080004a9   Thumb Code     8  libspace.o(.text)
    __user_perproc_libspace                  0x080004a9   Thumb Code     0  libspace.o(.text)
    __user_perthread_libspace                0x080004a9   Thumb Code     0  libspace.o(.text)
    _sys_exit                                0x080004b1   Thumb Code     8  sys_exit.o(.text)
    __I$use$semihosting                      0x080004bd   Thumb Code     0  use_no_semi.o(.text)
    __use_no_semihosting_swi                 0x080004bd   Thumb Code     2  use_no_semi.o(.text)
    __decompress                             0x080004bf   Thumb Code     0  __dczerorl2.o(.text)
    __decompress1                            0x080004bf   Thumb Code    86  __dczerorl2.o(.text)
    __semihosting_library_function           0x080004bf   Thumb Code     0  indicate_semi.o(.text)
    Alarmtosend                              0x08000515   Thumb Code  2528  main.o(i.Alarmtosend)
    Anal_Function                            0x08000f09   Thumb Code  1118  main.o(i.Anal_Function)
    CDC_Transmit_FS                          0x08001401   Thumb Code    48  usbd_cdc_if.o(i.CDC_Transmit_FS)
    CRC_Cal                                  0x08001439   Thumb Code    60  main.o(i.CRC_Cal)
    Cal_Data1                                0x08001485   Thumb Code  1650  main.o(i.Cal_Data1)
    Cal_Data2                                0x08001b45   Thumb Code    38  main.o(i.Cal_Data2)
    Cal_Data3                                0x08001b79   Thumb Code   102  main.o(i.Cal_Data3)
    CheckAutoReset                           0x08001bf9   Thumb Code  6460  main.o(i.CheckAutoReset)
    Driver595                                0x0800354d   Thumb Code   220  main.o(i.Driver595)
    Error_Handler                            0x08003655   Thumb Code     4  main.o(i.Error_Handler)
    FlashErase                               0x08003659   Thumb Code   176  main.o(i.FlashErase)
    FlashWrite                               0x08003715   Thumb Code   218  main.o(i.FlashWrite)
    HAL_DMA_Abort                            0x0800382d   Thumb Code    82  stm32f0xx_hal_dma.o(i.HAL_DMA_Abort)
    HAL_DMA_Abort_IT                         0x0800387f   Thumb Code    88  stm32f0xx_hal_dma.o(i.HAL_DMA_Abort_IT)
    HAL_Delay                                0x080038d9   Thumb Code    38  stm32f0xx_hal.o(i.HAL_Delay)
    HAL_FLASH_Unlock                         0x08003905   Thumb Code    40  stm32f0xx_hal_flash.o(i.HAL_FLASH_Unlock)
    HAL_GPIO_Init                            0x08003939   Thumb Code   464  stm32f0xx_hal_gpio.o(i.HAL_GPIO_Init)
    HAL_GPIO_ReadPin                         0x08003b21   Thumb Code    18  stm32f0xx_hal_gpio.o(i.HAL_GPIO_ReadPin)
    HAL_GPIO_TogglePin                       0x08003b33   Thumb Code    20  stm32f0xx_hal_gpio.o(i.HAL_GPIO_TogglePin)
    HAL_GPIO_WritePin                        0x08003b47   Thumb Code    12  stm32f0xx_hal_gpio.o(i.HAL_GPIO_WritePin)
    HAL_GetTick                              0x08003b55   Thumb Code     6  stm32f0xx_hal.o(i.HAL_GetTick)
    HAL_IncTick                              0x08003b61   Thumb Code    16  stm32f0xx_hal.o(i.HAL_IncTick)
    HAL_Init                                 0x08003b79   Thumb Code    28  stm32f0xx_hal.o(i.HAL_Init)
    HAL_InitTick                             0x08003b99   Thumb Code    70  stm32f0xx_hal.o(i.HAL_InitTick)
    HAL_MspInit                              0x08003bed   Thumb Code    60  stm32f0xx_hal_msp.o(i.HAL_MspInit)
    HAL_NVIC_EnableIRQ                       0x08003c2d   Thumb Code    22  stm32f0xx_hal_cortex.o(i.HAL_NVIC_EnableIRQ)
    HAL_NVIC_SetPriority                     0x08003c49   Thumb Code    18  stm32f0xx_hal_cortex.o(i.HAL_NVIC_SetPriority)
    HAL_PCDEx_ActivateLPM                    0x08003c5b   Thumb Code    52  stm32f0xx_hal_pcd_ex.o(i.HAL_PCDEx_ActivateLPM)
    HAL_PCDEx_LPM_Callback                   0x08003c8f   Thumb Code     2  stm32f0xx_hal_pcd_ex.o(i.HAL_PCDEx_LPM_Callback)
    HAL_PCDEx_PMAConfig                      0x08003c91   Thumb Code    66  stm32f0xx_hal_pcd_ex.o(i.HAL_PCDEx_PMAConfig)
    HAL_PCD_DataInStageCallback              0x08003cd3   Thumb Code    34  usbd_conf.o(i.HAL_PCD_DataInStageCallback)
    HAL_PCD_DataOutStageCallback             0x08003cf5   Thumb Code    36  usbd_conf.o(i.HAL_PCD_DataOutStageCallback)
    HAL_PCD_EP_Close                         0x08003d19   Thumb Code   114  stm32f0xx_hal_pcd.o(i.HAL_PCD_EP_Close)
    HAL_PCD_EP_ClrStall                      0x08003d8b   Thumb Code   132  stm32f0xx_hal_pcd.o(i.HAL_PCD_EP_ClrStall)
    HAL_PCD_EP_GetRxCount                    0x080042fd   Thumb Code    22  stm32f0xx_hal_pcd.o(i.HAL_PCD_EP_GetRxCount)
    HAL_PCD_EP_Open                          0x08004313   Thumb Code   148  stm32f0xx_hal_pcd.o(i.HAL_PCD_EP_Open)
    HAL_PCD_EP_Receive                       0x080043a7   Thumb Code    76  stm32f0xx_hal_pcd.o(i.HAL_PCD_EP_Receive)
    HAL_PCD_EP_SetStall                      0x080043f3   Thumb Code   128  stm32f0xx_hal_pcd.o(i.HAL_PCD_EP_SetStall)
    HAL_PCD_EP_Transmit                      0x08004473   Thumb Code    82  stm32f0xx_hal_pcd.o(i.HAL_PCD_EP_Transmit)
    HAL_PCD_IRQHandler                       0x080044c5   Thumb Code   504  stm32f0xx_hal_pcd.o(i.HAL_PCD_IRQHandler)
    HAL_PCD_Init                             0x080046d9   Thumb Code   254  stm32f0xx_hal_pcd.o(i.HAL_PCD_Init)
    HAL_PCD_MspInit                          0x080047d9   Thumb Code    62  usbd_conf.o(i.HAL_PCD_MspInit)
    HAL_PCD_ResetCallback                    0x08004821   Thumb Code    44  usbd_conf.o(i.HAL_PCD_ResetCallback)
    HAL_PCD_ResumeCallback                   0x0800484d   Thumb Code    40  usbd_conf.o(i.HAL_PCD_ResumeCallback)
    HAL_PCD_SOFCallback                      0x08004879   Thumb Code    18  usbd_conf.o(i.HAL_PCD_SOFCallback)
    HAL_PCD_SetAddress                       0x0800488b   Thumb Code    66  stm32f0xx_hal_pcd.o(i.HAL_PCD_SetAddress)
    HAL_PCD_SetupStageCallback               0x080048cd   Thumb Code    24  usbd_conf.o(i.HAL_PCD_SetupStageCallback)
    HAL_PCD_Start                            0x080048e5   Thumb Code    64  stm32f0xx_hal_pcd.o(i.HAL_PCD_Start)
    HAL_PCD_SuspendCallback                  0x08004925   Thumb Code    36  usbd_conf.o(i.HAL_PCD_SuspendCallback)
    HAL_RCCEx_PeriphCLKConfig                0x0800494d   Thumb Code   350  stm32f0xx_hal_rcc_ex.o(i.HAL_RCCEx_PeriphCLKConfig)
    HAL_RCC_ClockConfig                      0x08004ab9   Thumb Code   342  stm32f0xx_hal_rcc.o(i.HAL_RCC_ClockConfig)
    HAL_RCC_GetHCLKFreq                      0x08004c25   Thumb Code     6  stm32f0xx_hal_rcc.o(i.HAL_RCC_GetHCLKFreq)
    HAL_RCC_GetPCLK1Freq                     0x08004c31   Thumb Code    26  stm32f0xx_hal_rcc.o(i.HAL_RCC_GetPCLK1Freq)
    HAL_RCC_GetSysClockFreq                  0x08004c55   Thumb Code   172  stm32f0xx_hal_rcc.o(i.HAL_RCC_GetSysClockFreq)
    HAL_RCC_OscConfig                        0x08004d29   Thumb Code  1416  stm32f0xx_hal_rcc.o(i.HAL_RCC_OscConfig)
    HAL_SPI_Init                             0x080052b5   Thumb Code   268  stm32f0xx_hal_spi.o(i.HAL_SPI_Init)
    HAL_SPI_MspInit                          0x080053c1   Thumb Code   240  stm32f0xx_hal_msp.o(i.HAL_SPI_MspInit)
    HAL_SPI_Receive                          0x080054c1   Thumb Code   458  stm32f0xx_hal_spi.o(i.HAL_SPI_Receive)
    HAL_SPI_Transmit                         0x0800568b   Thumb Code   460  stm32f0xx_hal_spi.o(i.HAL_SPI_Transmit)
    HAL_SPI_TransmitReceive                  0x08005857   Thumb Code   618  stm32f0xx_hal_spi.o(i.HAL_SPI_TransmitReceive)
    HAL_SYSTICK_Callback                     0x08005ac1   Thumb Code   450  main.o(i.HAL_SYSTICK_Callback)
    HAL_SYSTICK_Config                       0x08005cd9   Thumb Code    46  stm32f0xx_hal_cortex.o(i.HAL_SYSTICK_Config)
    HAL_SYSTICK_IRQHandler                   0x08005d11   Thumb Code     8  stm32f0xx_hal_cortex.o(i.HAL_SYSTICK_IRQHandler)
    HAL_UARTEx_RxEventCallback               0x08005d19   Thumb Code     2  stm32f0xx_hal_uart.o(i.HAL_UARTEx_RxEventCallback)
    HAL_UART_ErrorCallback                   0x08005d1b   Thumb Code     2  stm32f0xx_hal_uart.o(i.HAL_UART_ErrorCallback)
    HAL_UART_IRQHandler                      0x08005d1d   Thumb Code   732  stm32f0xx_hal_uart.o(i.HAL_UART_IRQHandler)
    HAL_UART_Init                            0x08006005   Thumb Code   126  stm32f0xx_hal_uart.o(i.HAL_UART_Init)
    HAL_UART_MspInit                         0x08006085   Thumb Code   136  stm32f0xx_hal_msp.o(i.HAL_UART_MspInit)
    HAL_UART_Receive_IT                      0x08006115   Thumb Code   120  stm32f0xx_hal_uart.o(i.HAL_UART_Receive_IT)
    HAL_UART_RxCpltCallback                  0x0800618d   Thumb Code     2  main.o(i.HAL_UART_RxCpltCallback)
    HAL_UART_Transmit                        0x0800618f   Thumb Code   258  stm32f0xx_hal_uart.o(i.HAL_UART_Transmit)
    HAL_UART_TxCpltCallback                  0x08006291   Thumb Code     2  stm32f0xx_hal_uart.o(i.HAL_UART_TxCpltCallback)
    HardFault_Handler                        0x08006293   Thumb Code     4  stm32f0xx_it.o(i.HardFault_Handler)
    IO_INPUT_B                               0x08006297   Thumb Code    18  main.o(i.IO_INPUT_B)
    IO_OUTPUT_A                              0x080062a9   Thumb Code    18  main.o(i.IO_OUTPUT_A)
    IO_OUTPUT_B                              0x080062bb   Thumb Code    18  main.o(i.IO_OUTPUT_B)
    IO_READ_REGISTER                         0x080062cd   Thumb Code    94  main.o(i.IO_READ_REGISTER)
    IO_SET_TRIS_A                            0x0800633d   Thumb Code    18  main.o(i.IO_SET_TRIS_A)
    IO_SET_TRIS_B                            0x0800634f   Thumb Code    18  main.o(i.IO_SET_TRIS_B)
    IO_WRITE_REGISTER                        0x08006361   Thumb Code    56  main.o(i.IO_WRITE_REGISTER)
    MCP23S17_INIT                            0x080063d9   Thumb Code    94  main.o(i.MCP23S17_INIT)
    MX_USB_DEVICE_Init                       0x08006685   Thumb Code    68  usb_device.o(i.MX_USB_DEVICE_Init)
    Modbus_Function                          0x080066d9   Thumb Code  3630  main.o(i.Modbus_Function)
    NMI_Handler                              0x0800753d   Thumb Code     2  stm32f0xx_it.o(i.NMI_Handler)
    PendSV_Handler                           0x0800796d   Thumb Code     2  stm32f0xx_it.o(i.PendSV_Handler)
    Read_Config                              0x08007971   Thumb Code  4034  main.o(i.Read_Config)
    Read_input                               0x0800894d   Thumb Code  1768  main.o(i.Read_input)
    SVC_Handler                              0x08009321   Thumb Code     2  stm32f0xx_it.o(i.SVC_Handler)
    Send_Ouput                               0x08009325   Thumb Code  1370  main.o(i.Send_Ouput)
    StoreReleaseFault                        0x08009895   Thumb Code   112  main.o(i.StoreReleaseFault)
    SysTick_Handler                          0x0800990d   Thumb Code    12  stm32f0xx_it.o(i.SysTick_Handler)
    SystemClock_Config                       0x08009921   Thumb Code   126  main.o(i.SystemClock_Config)
    SystemInit                               0x080099a5   Thumb Code   116  system_stm32f0xx.o(i.SystemInit)
    UART_AdvFeatureConfig                    0x08009a25   Thumb Code   240  stm32f0xx_hal_uart.o(i.UART_AdvFeatureConfig)
    UART_CheckIdleState                      0x08009b15   Thumb Code   112  stm32f0xx_hal_uart.o(i.UART_CheckIdleState)
    UART_SetConfig                           0x08009d11   Thumb Code   412  stm32f0xx_hal_uart.o(i.UART_SetConfig)
    UART_Start_Receive_IT                    0x08009ecd   Thumb Code   196  stm32f0xx_hal_uart.o(i.UART_Start_Receive_IT)
    UART_WaitOnFlagUntilTimeout              0x08009f9d   Thumb Code   192  stm32f0xx_hal_uart.o(i.UART_WaitOnFlagUntilTimeout)
    USART1_IRQHandler                        0x0800a05d   Thumb Code    42  stm32f0xx_it.o(i.USART1_IRQHandler)
    USBD_CDC_GetDeviceQualifierDescriptor    0x0800a209   Thumb Code    10  usbd_cdc.o(i.USBD_CDC_GetDeviceQualifierDescriptor)
    USBD_CDC_ReceivePacket                   0x0800a31b   Thumb Code    72  usbd_cdc.o(i.USBD_CDC_ReceivePacket)
    USBD_CDC_RegisterInterface               0x0800a363   Thumb Code    20  usbd_cdc.o(i.USBD_CDC_RegisterInterface)
    USBD_CDC_SetRxBuffer                     0x0800a377   Thumb Code    20  usbd_cdc.o(i.USBD_CDC_SetRxBuffer)
    USBD_CDC_SetTxBuffer                     0x0800a38b   Thumb Code    28  usbd_cdc.o(i.USBD_CDC_SetTxBuffer)
    USBD_CDC_TransmitPacket                  0x0800a4b9   Thumb Code    78  usbd_cdc.o(i.USBD_CDC_TransmitPacket)
    USBD_ClrClassConfig                      0x0800a507   Thumb Code    26  usbd_core.o(i.USBD_ClrClassConfig)
    USBD_CtlContinueRx                       0x0800a567   Thumb Code    24  usbd_ioreq.o(i.USBD_CtlContinueRx)
    USBD_CtlContinueSendData                 0x0800a57f   Thumb Code    24  usbd_ioreq.o(i.USBD_CtlContinueSendData)
    USBD_CtlError                            0x0800a597   Thumb Code    24  usbd_ctlreq.o(i.USBD_CtlError)
    USBD_CtlPrepareRx                        0x0800a5af   Thumb Code    44  usbd_ioreq.o(i.USBD_CtlPrepareRx)
    USBD_CtlReceiveStatus                    0x0800a5db   Thumb Code    28  usbd_ioreq.o(i.USBD_CtlReceiveStatus)
    USBD_CtlSendData                         0x0800a5f7   Thumb Code    38  usbd_ioreq.o(i.USBD_CtlSendData)
    USBD_CtlSendStatus                       0x0800a61d   Thumb Code    30  usbd_ioreq.o(i.USBD_CtlSendStatus)
    USBD_FS_ConfigStrDescriptor              0x0800a63d   Thumb Code    36  usbd_desc.o(i.USBD_FS_ConfigStrDescriptor)
    USBD_FS_DeviceDescriptor                 0x0800a671   Thumb Code    10  usbd_desc.o(i.USBD_FS_DeviceDescriptor)
    USBD_FS_InterfaceStrDescriptor           0x0800a681   Thumb Code    36  usbd_desc.o(i.USBD_FS_InterfaceStrDescriptor)
    USBD_FS_LangIDStrDescriptor              0x0800a6b9   Thumb Code    10  usbd_desc.o(i.USBD_FS_LangIDStrDescriptor)
    USBD_FS_ManufacturerStrDescriptor        0x0800a6c9   Thumb Code    20  usbd_desc.o(i.USBD_FS_ManufacturerStrDescriptor)
    USBD_FS_ProductStrDescriptor             0x0800a6e9   Thumb Code    36  usbd_desc.o(i.USBD_FS_ProductStrDescriptor)
    USBD_FS_SerialStrDescriptor              0x0800a71d   Thumb Code    18  usbd_desc.o(i.USBD_FS_SerialStrDescriptor)
    USBD_GetString                           0x0800aa57   Thumb Code    78  usbd_ctlreq.o(i.USBD_GetString)
    USBD_Init                                0x0800aad3   Thumb Code    72  usbd_core.o(i.USBD_Init)
    USBD_LL_ClearStallEP                     0x0800ab1b   Thumb Code    38  usbd_conf.o(i.USBD_LL_ClearStallEP)
    USBD_LL_CloseEP                          0x0800ab41   Thumb Code    38  usbd_conf.o(i.USBD_LL_CloseEP)
    USBD_LL_DataInStage                      0x0800ab67   Thumb Code   310  usbd_core.o(i.USBD_LL_DataInStage)
    USBD_LL_DataOutStage                     0x0800ac9d   Thumb Code   204  usbd_core.o(i.USBD_LL_DataOutStage)
    USBD_LL_GetRxDataSize                    0x0800ad69   Thumb Code    22  usbd_conf.o(i.USBD_LL_GetRxDataSize)
    USBD_LL_Init                             0x0800ad81   Thumb Code   154  usbd_conf.o(i.USBD_LL_Init)
    USBD_LL_IsStallEP                        0x0800ae29   Thumb Code    56  usbd_conf.o(i.USBD_LL_IsStallEP)
    USBD_LL_OpenEP                           0x0800ae61   Thumb Code    48  usbd_conf.o(i.USBD_LL_OpenEP)
    USBD_LL_PrepareReceive                   0x0800ae91   Thumb Code    48  usbd_conf.o(i.USBD_LL_PrepareReceive)
    USBD_LL_Reset                            0x0800aec1   Thumb Code   114  usbd_core.o(i.USBD_LL_Reset)
    USBD_LL_Resume                           0x0800af33   Thumb Code    34  usbd_core.o(i.USBD_LL_Resume)
    USBD_LL_SOF                              0x0800af55   Thumb Code    48  usbd_core.o(i.USBD_LL_SOF)
    USBD_LL_SetSpeed                         0x0800af85   Thumb Code     8  usbd_core.o(i.USBD_LL_SetSpeed)
    USBD_LL_SetUSBAddress                    0x0800af8d   Thumb Code    38  usbd_conf.o(i.USBD_LL_SetUSBAddress)
    USBD_LL_SetupStage                       0x0800afb3   Thumb Code   140  usbd_core.o(i.USBD_LL_SetupStage)
    USBD_LL_StallEP                          0x0800b03f   Thumb Code    38  usbd_conf.o(i.USBD_LL_StallEP)
    USBD_LL_Start                            0x0800b065   Thumb Code    34  usbd_conf.o(i.USBD_LL_Start)
    USBD_LL_Suspend                          0x0800b087   Thumb Code    32  usbd_core.o(i.USBD_LL_Suspend)
    USBD_LL_Transmit                         0x0800b0a7   Thumb Code    48  usbd_conf.o(i.USBD_LL_Transmit)
    USBD_ParseSetupRequest                   0x0800b0d7   Thumb Code    40  usbd_ctlreq.o(i.USBD_ParseSetupRequest)
    USBD_RegisterClass                       0x0800b0ff   Thumb Code    22  usbd_core.o(i.USBD_RegisterClass)
    USBD_RunTestMode                         0x0800b115   Thumb Code     6  usbd_core.o(i.USBD_RunTestMode)
    USBD_SetClassConfig                      0x0800b18b   Thumb Code    46  usbd_core.o(i.USBD_SetClassConfig)
    USBD_Start                               0x0800b2cd   Thumb Code    14  usbd_core.o(i.USBD_Start)
    USBD_StdDevReq                           0x0800b2db   Thumb Code   168  usbd_ctlreq.o(i.USBD_StdDevReq)
    USBD_StdEPReq                            0x0800b383   Thumb Code   598  usbd_ctlreq.o(i.USBD_StdEPReq)
    USBD_StdItfReq                           0x0800b5d9   Thumb Code   140  usbd_ctlreq.o(i.USBD_StdItfReq)
    USBD_static_free                         0x0800b665   Thumb Code     2  usbd_conf.o(i.USBD_static_free)
    USBD_static_malloc                       0x0800b669   Thumb Code     6  usbd_conf.o(i.USBD_static_malloc)
    USB_ActivateEndpoint                     0x0800b675   Thumb Code  1078  stm32f0xx_ll_usb.o(i.USB_ActivateEndpoint)
    USB_DeactivateEndpoint                   0x0800baad   Thumb Code   602  stm32f0xx_ll_usb.o(i.USB_DeactivateEndpoint)
    USB_DevConnect                           0x0800bd11   Thumb Code    20  stm32f0xx_ll_usb.o(i.USB_DevConnect)
    USB_DevInit                              0x0800bd25   Thumb Code    26  stm32f0xx_ll_usb.o(i.USB_DevInit)
    USB_DisableGlobalInt                     0x0800bd41   Thumb Code    18  stm32f0xx_ll_usb.o(i.USB_DisableGlobalInt)
    USB_EPClearStall                         0x0800bd59   Thumb Code   206  stm32f0xx_ll_usb.o(i.USB_EPClearStall)
    USB_EPSetStall                           0x0800be31   Thumb Code    84  stm32f0xx_ll_usb.o(i.USB_EPSetStall)
    USB_EPStartXfer                          0x0800be8d   Thumb Code  2500  stm32f0xx_ll_usb.o(i.USB_EPStartXfer)
    USB_EnableGlobalInt                      0x0800c859   Thumb Code    18  stm32f0xx_ll_usb.o(i.USB_EnableGlobalInt)
    USB_IRQHandler                           0x0800c871   Thumb Code    14  stm32f0xx_it.o(i.USB_IRQHandler)
    USB_ReadInterrupts                       0x0800c885   Thumb Code     8  stm32f0xx_ll_usb.o(i.USB_ReadInterrupts)
    USB_ReadPMA                              0x0800c88d   Thumb Code    64  stm32f0xx_ll_usb.o(i.USB_ReadPMA)
    USB_SetDevAddress                        0x0800c8cd   Thumb Code    16  stm32f0xx_ll_usb.o(i.USB_SetDevAddress)
    USB_WritePMA                             0x0800c8dd   Thumb Code    58  stm32f0xx_ll_usb.o(i.USB_WritePMA)
    Write_Flash                              0x0800c919   Thumb Code    18  main.o(i.Write_Flash)
    __ARM_common_ll_muluu                    0x0800c935   Thumb Code    48  stm32f0xx_hal_rcc.o(i.__ARM_common_ll_muluu)
    __ARM_common_switch8                     0x0800c965   Thumb Code    28  stm32f0xx_hal_dma.o(i.__ARM_common_switch8)
    checkCommand                             0x0800c9f9   Thumb Code   600  main.o(i.checkCommand)
    checkSetting                             0x0800cc71   Thumb Code  1298  main.o(i.checkSetting)
    check_Refault                            0x0800d195   Thumb Code   122  main.o(i.check_Refault)
    check_Ringback                           0x0800d221   Thumb Code   318  main.o(i.check_Ringback)
    check_ack                                0x0800d375   Thumb Code   260  main.o(i.check_ack)
    check_ack2                               0x0800d491   Thumb Code   296  main.o(i.check_ack2)
    check_reset                              0x0800d5d5   Thumb Code   288  main.o(i.check_reset)
    check_test                               0x0800d709   Thumb Code   550  main.o(i.check_test)
    delay_us                                 0x0800d96d   Thumb Code    22  main.o(i.delay_us)
    main                                     0x0800d985   Thumb Code  1800  main.o(i.main)
    refaultindex                             0x0800e0cd   Thumb Code   106  main.o(i.refaultindex)
    Input1_8_Wr_addr                         0x0800e14c   Data           1  main.o(.constdata)
    Input1_8_Rd_addr                         0x0800e14d   Data           1  main.o(.constdata)
    Input9_16_Wr_addr                        0x0800e14e   Data           1  main.o(.constdata)
    Input9_16_Rd_addr                        0x0800e14f   Data           1  main.o(.constdata)
    Input17_24_Wr_addr                       0x0800e150   Data           1  main.o(.constdata)
    Input17_24_Rd_addr                       0x0800e151   Data           1  main.o(.constdata)
    Input25_32_Wr_addr                       0x0800e152   Data           1  main.o(.constdata)
    Input25_32_Rd_addr                       0x0800e153   Data           1  main.o(.constdata)
    Input33_40_Wr_addr                       0x0800e154   Data           1  main.o(.constdata)
    Input33_40_Rd_addr                       0x0800e155   Data           1  main.o(.constdata)
    Input41_48_Wr_addr                       0x0800e156   Data           1  main.o(.constdata)
    Input41_48_Rd_addr                       0x0800e157   Data           1  main.o(.constdata)
    Input49_56_Wr_addr                       0x0800e158   Data           1  main.o(.constdata)
    Input49_56_Rd_addr                       0x0800e159   Data           1  main.o(.constdata)
    Input57_64_Wr_addr                       0x0800e15a   Data           1  main.o(.constdata)
    Input57_64_Rd_addr                       0x0800e15b   Data           1  main.o(.constdata)
    addr_sq                                  0x0800e15c   Data           1  main.o(.constdata)
    end_sq                                   0x0800e15d   Data           1  main.o(.constdata)
    code_sq                                  0x0800e15e   Data           1  main.o(.constdata)
    start_addr_hi_sq                         0x0800e15f   Data           1  main.o(.constdata)
    start_addr_lo_sq                         0x0800e160   Data           1  main.o(.constdata)
    ubyte_hi_sq                              0x0800e161   Data           1  main.o(.constdata)
    ubyte_lo_sq                              0x0800e162   Data           1  main.o(.constdata)
    crc_hi_sq                                0x0800e163   Data           1  main.o(.constdata)
    byte_count_sq                            0x0800e164   Data           1  main.o(.constdata)
    data_sq                                  0x0800e165   Data           1  main.o(.constdata)
    CRC_Table_Hi                             0x0800e166   Data         256  main.o(.constdata)
    CRC_Table_Lo                             0x0800e266   Data         256  main.o(.constdata)
    AHBPrescTable                            0x0800e366   Data          16  system_stm32f0xx.o(.constdata)
    APBPrescTable                            0x0800e376   Data           8  system_stm32f0xx.o(.constdata)
    Region$$Table$$Base                      0x0800e380   Number         0  anon$$obj.o(Region$$Table)
    Region$$Table$$Limit                     0x0800e3a0   Number         0  anon$$obj.o(Region$$Table)
    Byte_Count                               0x20000000   Data           2  main.o(.data)
    USB_State                                0x20000002   Data           2  main.o(.data)
    USB_Count                                0x20000004   Data           2  main.o(.data)
    Time_RxCount                             0x20000008   Data           4  main.o(.data)
    loopcount                                0x2000000c   Data           4  main.o(.data)
    USB_Rx0                                  0x20000010   Data           1  main.o(.data)
    USB_Rx1                                  0x20000011   Data           1  main.o(.data)
    USB_Rx2                                  0x20000012   Data           1  main.o(.data)
    USB_Rx3                                  0x20000013   Data           1  main.o(.data)
    USB_Rx4                                  0x20000014   Data           1  main.o(.data)
    USB_Rx5                                  0x20000015   Data           1  main.o(.data)
    USB_Rx6                                  0x20000016   Data           1  main.o(.data)
    USB_Rx7                                  0x20000017   Data           1  main.o(.data)
    USB_Rx8                                  0x20000018   Data           1  main.o(.data)
    USB_Rx9                                  0x20000019   Data           1  main.o(.data)
    USB_Rx10                                 0x2000001a   Data           1  main.o(.data)
    USB_Rx11                                 0x2000001b   Data           1  main.o(.data)
    USB_Rx12                                 0x2000001c   Data           1  main.o(.data)
    USB_Rx13                                 0x2000001d   Data           1  main.o(.data)
    USB_Rx14                                 0x2000001e   Data           1  main.o(.data)
    USB_Rx15                                 0x2000001f   Data           1  main.o(.data)
    USB_Rx16                                 0x20000020   Data           1  main.o(.data)
    USB_Rx17                                 0x20000021   Data           1  main.o(.data)
    USB_Rx18                                 0x20000022   Data           1  main.o(.data)
    USB_Rx19                                 0x20000023   Data           1  main.o(.data)
    USB_Rx20                                 0x20000024   Data           1  main.o(.data)
    USB_Rx21                                 0x20000025   Data           1  main.o(.data)
    USB_Rx22                                 0x20000026   Data           1  main.o(.data)
    USB_Rx23                                 0x20000027   Data           1  main.o(.data)
    USB_Rx24                                 0x20000028   Data           1  main.o(.data)
    ReadSet_flag                             0x20000029   Data           1  main.o(.data)
    WritedSet_flag                           0x2000002a   Data           1  main.o(.data)
    UART_Rx                                  0x2000002b   Data           1  main.o(.data)
    Rx_data                                  0x2000002c   Data           2  main.o(.data)
    timer10ms                                0x2000002e   Data           1  main.o(.data)
    SPI_Status                               0x2000002f   Data           1  main.o(.data)
    RingbackEn                               0x20000030   Data           1  main.o(.data)
    ReFaultEn                                0x20000031   Data           1  main.o(.data)
    RefaultTime                              0x20000034   Data           4  main.o(.data)
    LoopCountRun                             0x20000038   Data           2  main.o(.data)
    LoopCountStore                           0x2000003a   Data           2  main.o(.data)
    StatusTime                               0x2000003c   Data           1  main.o(.data)
    HearthbeatInd                            0x2000003d   Data           1  main.o(.data)
    FlashingRateTime                         0x20000040   Data           4  main.o(.data)
    FlashingFlag                             0x20000044   Data           1  main.o(.data)
    RingbackTime                             0x20000048   Data           4  main.o(.data)
    RingbackCount                            0x2000004c   Data           4  main.o(.data)
    RingbackFlag                             0x20000050   Data           1  main.o(.data)
    TimeBase1s                               0x20000051   Data           1  main.o(.data)
    AutoAckDelayTime                         0x20000052   Data           1  main.o(.data)
    AutoAckFlag                              0x20000053   Data           1  main.o(.data)
    AutoResetFlag                            0x20000054   Data           1  main.o(.data)
    AutoTestFlag                             0x20000055   Data           1  main.o(.data)
    SBUF                                     0x20000056   Data           1  main.o(.data)
    Test_fault                               0x20000057   Data           1  main.o(.data)
    T_test                                   0x20000058   Data           1  main.o(.data)
    Test                                     0x20000059   Data           1  main.o(.data)
    Ack_F                                    0x2000005a   Data           1  main.o(.data)
    Ack2_F                                   0x2000005b   Data           1  main.o(.data)
    Reset_F                                  0x2000005c   Data           1  main.o(.data)
    SyncStatus                               0x2000005d   Data           1  main.o(.data)
    SyncFlag                                 0x2000005e   Data           1  main.o(.data)
    Synctimer                                0x20000060   Data           4  main.o(.data)
    Input1_8                                 0x20000064   Data           1  main.o(.data)
    Input9_16                                0x20000065   Data           1  main.o(.data)
    Input17_24                               0x20000066   Data           1  main.o(.data)
    Input25_32                               0x20000067   Data           1  main.o(.data)
    Input33_40                               0x20000068   Data           1  main.o(.data)
    Input41_48                               0x20000069   Data           1  main.o(.data)
    Input49_56                               0x2000006a   Data           1  main.o(.data)
    Input57_64                               0x2000006b   Data           1  main.o(.data)
    Input1_8_Send                            0x2000006c   Data           1  main.o(.data)
    Input9_16_Send                           0x2000006d   Data           1  main.o(.data)
    Input17_24_Send                          0x2000006e   Data           1  main.o(.data)
    Input25_32_Send                          0x2000006f   Data           1  main.o(.data)
    Input33_40_Send                          0x20000070   Data           1  main.o(.data)
    Input41_48_Send                          0x20000071   Data           1  main.o(.data)
    Input49_56_Send                          0x20000072   Data           1  main.o(.data)
    Input57_64_Send                          0x20000073   Data           1  main.o(.data)
    Ack1_8_Send                              0x20000074   Data           1  main.o(.data)
    Ack9_16_Send                             0x20000075   Data           1  main.o(.data)
    Ack17_24_Send                            0x20000076   Data           1  main.o(.data)
    Ack25_32_Send                            0x20000077   Data           1  main.o(.data)
    Ack33_40_Send                            0x20000078   Data           1  main.o(.data)
    Ack41_48_Send                            0x20000079   Data           1  main.o(.data)
    Ack49_56_Send                            0x2000007a   Data           1  main.o(.data)
    Ack57_64_Send                            0x2000007b   Data           1  main.o(.data)
    Output1_8                                0x2000007c   Data           1  main.o(.data)
    Output9_16                               0x2000007d   Data           1  main.o(.data)
    Output17_24                              0x2000007e   Data           1  main.o(.data)
    Output25_32                              0x2000007f   Data           1  main.o(.data)
    Output33_40                              0x20000080   Data           1  main.o(.data)
    Output41_48                              0x20000081   Data           1  main.o(.data)
    Output49_56                              0x20000082   Data           1  main.o(.data)
    Output57_64                              0x20000083   Data           1  main.o(.data)
    PCF8575_Ip_dat                           0x20000084   Data           1  main.o(.data)
    PCF8575_Op_dat                           0x20000085   Data           1  main.o(.data)
    InputType1_8                             0x20000086   Data           1  main.o(.data)
    InputType9_16                            0x20000087   Data           1  main.o(.data)
    InputType17_24                           0x20000088   Data           1  main.o(.data)
    InputType25_32                           0x20000089   Data           1  main.o(.data)
    InputType33_40                           0x2000008a   Data           1  main.o(.data)
    InputType41_48                           0x2000008b   Data           1  main.o(.data)
    InputType49_56                           0x2000008c   Data           1  main.o(.data)
    InputType57_64                           0x2000008d   Data           1  main.o(.data)
    FaultType1_8                             0x2000008e   Data           1  main.o(.data)
    FaultType9_16                            0x2000008f   Data           1  main.o(.data)
    FaultType17_24                           0x20000090   Data           1  main.o(.data)
    FaultType25_32                           0x20000091   Data           1  main.o(.data)
    FaultType33_40                           0x20000092   Data           1  main.o(.data)
    FaultType41_48                           0x20000093   Data           1  main.o(.data)
    FaultType49_56                           0x20000094   Data           1  main.o(.data)
    FaultType57_64                           0x20000095   Data           1  main.o(.data)
    OutputType1_8                            0x20000096   Data           1  main.o(.data)
    OutputType9_16                           0x20000097   Data           1  main.o(.data)
    OutputType17_24                          0x20000098   Data           1  main.o(.data)
    OutputType25_32                          0x20000099   Data           1  main.o(.data)
    OutputType33_40                          0x2000009a   Data           1  main.o(.data)
    OutputType41_48                          0x2000009b   Data           1  main.o(.data)
    OutputType49_56                          0x2000009c   Data           1  main.o(.data)
    OutputType57_64                          0x2000009d   Data           1  main.o(.data)
    OutputBoth1_8                            0x2000009e   Data           1  main.o(.data)
    OutputBoth9_16                           0x2000009f   Data           1  main.o(.data)
    OutputBoth17_24                          0x200000a0   Data           1  main.o(.data)
    OutputBoth25_32                          0x200000a1   Data           1  main.o(.data)
    OutputBoth33_40                          0x200000a2   Data           1  main.o(.data)
    OutputBoth41_48                          0x200000a3   Data           1  main.o(.data)
    OutputBoth49_56                          0x200000a4   Data           1  main.o(.data)
    OutputBoth57_64                          0x200000a5   Data           1  main.o(.data)
    Alarm_Indicator1_8                       0x200000a6   Data           1  main.o(.data)
    Alarm_Indicator9_16                      0x200000a7   Data           1  main.o(.data)
    Alarm_Indicator17_24                     0x200000a8   Data           1  main.o(.data)
    Alarm_Indicator25_32                     0x200000a9   Data           1  main.o(.data)
    Alarm_Indicator33_40                     0x200000aa   Data           1  main.o(.data)
    Alarm_Indicator41_48                     0x200000ab   Data           1  main.o(.data)
    Alarm_Indicator49_56                     0x200000ac   Data           1  main.o(.data)
    Alarm_Indicator57_64                     0x200000ad   Data           1  main.o(.data)
    AutoAck                                  0x200000ae   Data           1  main.o(.data)
    AutoAckTime                              0x200000b0   Data           4  main.o(.data)
    FlashingRate                             0x200000b4   Data           1  main.o(.data)
    NoOfPoint                                0x200000b5   Data           1  main.o(.data)
    MasterSlaveSync                          0x200000b6   Data           1  main.o(.data)
    recieve_completed                        0x200000b7   Data           1  main.o(.data)
    sequence                                 0x200000b8   Data           1  main.o(.data)
    Address                                  0x200000b9   Data           1  main.o(.data)
    RxD_DataLen                              0x200000ba   Data           1  main.o(.data)
    CRC_Lo                                   0x200000bb   Data           1  main.o(.data)
    CRC_Hi                                   0x200000bc   Data           1  main.o(.data)
    Send_check_Time                          0x200000be   Data           2  main.o(.data)
    Start_Address                            0x200000c0   Data           2  main.o(.data)
    No_PointCount                            0x200000c2   Data           2  main.o(.data)
    Data_ByteCount                           0x200000c4   Data           1  main.o(.data)
    count1                                   0x200000c5   Data           1  main.o(.data)
    count2                                   0x200000c6   Data           1  main.o(.data)
    count3                                   0x200000c7   Data           1  main.o(.data)
    count4                                   0x200000c8   Data           1  main.o(.data)
    count5                                   0x200000c9   Data           1  main.o(.data)
    T_timeout                                0x200000ca   Data           2  main.o(.data)
    Rxindex                                  0x200000cc   Data           1  main.o(.data)
    var_debug1                               0x200000cd   Data           1  main.o(.data)
    var_debug2                               0x200000ce   Data           1  main.o(.data)
    var_debug3                               0x200000cf   Data           1  main.o(.data)
    var_debug4                               0x200000d0   Data           1  main.o(.data)
    Flashindex                               0x200000d2   Data           2  main.o(.data)
    check                                    0x200000d4   Data           1  main.o(.data)
    FS_Desc                                  0x200000d8   Data          28  usbd_desc.o(.data)
    USBD_FS_DeviceDesc                       0x200000f4   Data          18  usbd_desc.o(.data)
    USBD_LangIDDesc                          0x20000108   Data           4  usbd_desc.o(.data)
    USBD_StringSerial                        0x2000010c   Data          26  usbd_desc.o(.data)
    USBD_Interface_fops_FS                   0x20000128   Data          16  usbd_cdc_if.o(.data)
    uwTick                                   0x20000138   Data           4  stm32f0xx_hal.o(.data)
    uwTickPrio                               0x2000013c   Data           4  stm32f0xx_hal.o(.data)
    uwTickFreq                               0x20000140   Data           1  stm32f0xx_hal.o(.data)
    SystemCoreClock                          0x20000144   Data           4  system_stm32f0xx.o(.data)
    USBD_CDC                                 0x20000158   Data          56  usbd_cdc.o(.data)
    USBD_CDC_CfgHSDesc                       0x20000190   Data          67  usbd_cdc.o(.data)
    USBD_CDC_CfgFSDesc                       0x200001d4   Data          67  usbd_cdc.o(.data)
    USBD_CDC_OtherSpeedCfgDesc               0x20000218   Data          67  usbd_cdc.o(.data)
    hspi1                                    0x2000025c   Data         100  main.o(.bss)
    hspi2                                    0x200002c0   Data         100  main.o(.bss)
    huart1                                   0x20000324   Data         132  main.o(.bss)
    USB_buff                                 0x200003a8   Data         150  main.o(.bss)
    SPI_TXbuf                                0x2000043e   Data          64  main.o(.bss)
    SPI2_TXbuf                               0x2000047e   Data          64  main.o(.bss)
    USART_RXbuf                              0x200004be   Data          64  main.o(.bss)
    USART_TXbuf                              0x200004fe   Data          64  main.o(.bss)
    RingbackDelayTime                        0x20000540   Data         260  main.o(.bss)
    Output595                                0x20000644   Data           9  main.o(.bss)
    TxD_Buff                                 0x2000064d   Data          60  main.o(.bss)
    RxD_Buff                                 0x20000689   Data          60  main.o(.bss)
    Data_Buff                                0x200006c5   Data          30  main.o(.bss)
    Input                                    0x200006e3   Data          64  main.o(.bss)
    Output                                   0x20000723   Data          64  main.o(.bss)
    InputType                                0x20000763   Data          64  main.o(.bss)
    FaultType                                0x200007a3   Data          64  main.o(.bss)
    OutputType                               0x200007e3   Data          64  main.o(.bss)
    OutputBoth                               0x20000823   Data          64  main.o(.bss)
    AlarmIndicator                           0x20000863   Data          64  main.o(.bss)
    Ack                                      0x200008a3   Data          64  main.o(.bss)
    Ack2                                     0x200008e3   Data          64  main.o(.bss)
    AckSend                                  0x20000923   Data          64  main.o(.bss)
    In                                       0x20000963   Data          64  main.o(.bss)
    In2                                      0x200009a3   Data          64  main.o(.bss)
    bit_faultHold                            0x200009e3   Data          64  main.o(.bss)
    Ringback                                 0x20000a23   Data          64  main.o(.bss)
    FaultAgo                                 0x20000a63   Data          65  main.o(.bss)
    FaultNow                                 0x20000aa4   Data          65  main.o(.bss)
    ReleaseTime                              0x20000ae8   Data         260  main.o(.bss)
    FaultDelayTime                           0x20000bec   Data         260  main.o(.bss)
    FaultNCNO                                0x20000cf0   Data          65  main.o(.bss)
    man_rst                                  0x20000d31   Data          65  main.o(.bss)
    auto_rst                                 0x20000d72   Data          65  main.o(.bss)
    analfault_index                          0x20000db3   Data          65  main.o(.bss)
    fault                                    0x20000df4   Data        1792  main.o(.bss)
    Flashdata                                0x200014f4   Data         200  main.o(.bss)
    hUsbDeviceFS                             0x200015bc   Data         708  usb_device.o(.bss)
    hpcd_USB_FS                              0x20001880   Data         756  usbd_conf.o(.bss)
    USBD_StrDesc                             0x20001d94   Data         512  usbd_desc.o(.bss)
    UserRxBufferFS                           0x20001f94   Data        1000  usbd_cdc_if.o(.bss)
    UserTxBufferFS                           0x2000237c   Data        1000  usbd_cdc_if.o(.bss)
    __libspace_start                         0x20002764   Data          96  libspace.o(.bss)
    __temporary_stack_top$libspace           0x200027c4   Data           0  libspace.o(.bss)



==============================================================================

Memory Map of the image

  Image Entry point : 0x080000c1

  Load Region LR_IROM1 (Base: 0x08000000, Size: 0x0000e5fc, Max: 0x00020000, ABSOLUTE, COMPRESSED[0x0000e474])

    Execution Region ER_IROM1 (Exec base: 0x08000000, Load base: 0x08000000, Size: 0x0000e3a0, Max: 0x00020000, ABSOLUTE)

    Exec Addr    Load Addr    Size         Type   Attr      Idx    E Section Name        Object

    0x08000000   0x08000000   0x000000c0   Data   RO            3    RESET               startup_stm32f070xb.o
    0x080000c0   0x080000c0   0x00000008   Code   RO         3955  * !!!main             c_p.l(__main.o)
    0x080000c8   0x080000c8   0x0000003c   Code   RO         4130    !!!scatter          c_p.l(__scatter.o)
    0x08000104   0x08000104   0x0000001c   Code   RO         4132    !!handler_zi        c_p.l(__scatter_zi.o)
    0x08000120   0x08000120   0x00000002   Code   RO         3997    .ARM.Collect$$libinit$$00000000  c_p.l(libinit.o)
    0x08000122   0x08000122   0x00000000   Code   RO         4011    .ARM.Collect$$libinit$$00000002  c_p.l(libinit2.o)
    0x08000122   0x08000122   0x00000000   Code   RO         4013    .ARM.Collect$$libinit$$00000004  c_p.l(libinit2.o)
    0x08000122   0x08000122   0x00000000   Code   RO         4016    .ARM.Collect$$libinit$$0000000A  c_p.l(libinit2.o)
    0x08000122   0x08000122   0x00000000   Code   RO         4018    .ARM.Collect$$libinit$$0000000C  c_p.l(libinit2.o)
    0x08000122   0x08000122   0x00000000   Code   RO         4020    .ARM.Collect$$libinit$$0000000E  c_p.l(libinit2.o)
    0x08000122   0x08000122   0x00000000   Code   RO         4023    .ARM.Collect$$libinit$$00000011  c_p.l(libinit2.o)
    0x08000122   0x08000122   0x00000000   Code   RO         4025    .ARM.Collect$$libinit$$00000013  c_p.l(libinit2.o)
    0x08000122   0x08000122   0x00000000   Code   RO         4027    .ARM.Collect$$libinit$$00000015  c_p.l(libinit2.o)
    0x08000122   0x08000122   0x00000000   Code   RO         4029    .ARM.Collect$$libinit$$00000017  c_p.l(libinit2.o)
    0x08000122   0x08000122   0x00000000   Code   RO         4031    .ARM.Collect$$libinit$$00000019  c_p.l(libinit2.o)
    0x08000122   0x08000122   0x00000000   Code   RO         4033    .ARM.Collect$$libinit$$0000001B  c_p.l(libinit2.o)
    0x08000122   0x08000122   0x00000000   Code   RO         4035    .ARM.Collect$$libinit$$0000001D  c_p.l(libinit2.o)
    0x08000122   0x08000122   0x00000000   Code   RO         4037    .ARM.Collect$$libinit$$0000001F  c_p.l(libinit2.o)
    0x08000122   0x08000122   0x00000000   Code   RO         4039    .ARM.Collect$$libinit$$00000021  c_p.l(libinit2.o)
    0x08000122   0x08000122   0x00000000   Code   RO         4041    .ARM.Collect$$libinit$$00000023  c_p.l(libinit2.o)
    0x08000122   0x08000122   0x00000000   Code   RO         4043    .ARM.Collect$$libinit$$00000025  c_p.l(libinit2.o)
    0x08000122   0x08000122   0x00000000   Code   RO         4047    .ARM.Collect$$libinit$$0000002C  c_p.l(libinit2.o)
    0x08000122   0x08000122   0x00000000   Code   RO         4049    .ARM.Collect$$libinit$$0000002E  c_p.l(libinit2.o)
    0x08000122   0x08000122   0x00000000   Code   RO         4051    .ARM.Collect$$libinit$$00000030  c_p.l(libinit2.o)
    0x08000122   0x08000122   0x00000000   Code   RO         4053    .ARM.Collect$$libinit$$00000032  c_p.l(libinit2.o)
    0x08000122   0x08000122   0x00000002   Code   RO         4054    .ARM.Collect$$libinit$$00000033  c_p.l(libinit2.o)
    0x08000124   0x08000124   0x00000002   Code   RO         4085    .ARM.Collect$$libshutdown$$00000000  c_p.l(libshutdown.o)
    0x08000126   0x08000126   0x00000000   Code   RO         4111    .ARM.Collect$$libshutdown$$00000002  c_p.l(libshutdown2.o)
    0x08000126   0x08000126   0x00000000   Code   RO         4113    .ARM.Collect$$libshutdown$$00000004  c_p.l(libshutdown2.o)
    0x08000126   0x08000126   0x00000000   Code   RO         4116    .ARM.Collect$$libshutdown$$00000007  c_p.l(libshutdown2.o)
    0x08000126   0x08000126   0x00000000   Code   RO         4119    .ARM.Collect$$libshutdown$$0000000A  c_p.l(libshutdown2.o)
    0x08000126   0x08000126   0x00000000   Code   RO         4121    .ARM.Collect$$libshutdown$$0000000C  c_p.l(libshutdown2.o)
    0x08000126   0x08000126   0x00000000   Code   RO         4124    .ARM.Collect$$libshutdown$$0000000F  c_p.l(libshutdown2.o)
    0x08000126   0x08000126   0x00000002   Code   RO         4125    .ARM.Collect$$libshutdown$$00000010  c_p.l(libshutdown2.o)
    0x08000128   0x08000128   0x00000000   Code   RO         3957    .ARM.Collect$$rtentry$$00000000  c_p.l(__rtentry.o)
    0x08000128   0x08000128   0x00000000   Code   RO         3967    .ARM.Collect$$rtentry$$00000002  c_p.l(__rtentry2.o)
    0x08000128   0x08000128   0x00000006   Code   RO         3979    .ARM.Collect$$rtentry$$00000004  c_p.l(__rtentry4.o)
    0x0800012e   0x0800012e   0x00000000   Code   RO         3969    .ARM.Collect$$rtentry$$00000009  c_p.l(__rtentry2.o)
    0x0800012e   0x0800012e   0x00000004   Code   RO         3970    .ARM.Collect$$rtentry$$0000000A  c_p.l(__rtentry2.o)
    0x08000132   0x08000132   0x00000000   Code   RO         3972    .ARM.Collect$$rtentry$$0000000C  c_p.l(__rtentry2.o)
    0x08000132   0x08000132   0x00000008   Code   RO         3973    .ARM.Collect$$rtentry$$0000000D  c_p.l(__rtentry2.o)
    0x0800013a   0x0800013a   0x00000002   Code   RO         4002    .ARM.Collect$$rtexit$$00000000  c_p.l(rtexit.o)
    0x0800013c   0x0800013c   0x00000000   Code   RO         4058    .ARM.Collect$$rtexit$$00000002  c_p.l(rtexit2.o)
    0x0800013c   0x0800013c   0x00000004   Code   RO         4059    .ARM.Collect$$rtexit$$00000003  c_p.l(rtexit2.o)
    0x08000140   0x08000140   0x00000006   Code   RO         4060    .ARM.Collect$$rtexit$$00000004  c_p.l(rtexit2.o)
    0x08000146   0x08000146   0x00000002   PAD
    0x08000148   0x08000148   0x00000038   Code   RO         3943    .emb_text           c_p.l(rt_memcpy.o)
    0x08000180   0x08000180   0x00000038   Code   RO            4    .text               startup_stm32f070xb.o
    0x080001b8   0x080001b8   0x00000102   Code   RO         3941    .text               c_p.l(lludiv.o)
    0x080002ba   0x080002ba   0x00000040   Code   RO         3947    .text               c_p.l(rt_memclr.o)
    0x080002fa   0x080002fa   0x0000015a   Code   RO         3949    .text               c_p.l(aeabi_sdiv.o)
    0x08000454   0x08000454   0x00000006   Code   RO         3953    .text               c_p.l(heapauxi.o)
    0x0800045a   0x0800045a   0x0000003e   Code   RO         3983    .text               c_p.l(sys_stackheap_outer.o)
    0x08000498   0x08000498   0x00000010   Code   RO         3986    .text               c_p.l(exit.o)
    0x080004a8   0x080004a8   0x00000008   Code   RO         3998    .text               c_p.l(libspace.o)
    0x080004b0   0x080004b0   0x0000000c   Code   RO         4055    .text               c_p.l(sys_exit.o)
    0x080004bc   0x080004bc   0x00000002   Code   RO         4074    .text               c_p.l(use_no_semi.o)
    0x080004be   0x080004be   0x00000000   Code   RO         4076    .text               c_p.l(indicate_semi.o)
    0x080004be   0x080004be   0x00000056   Code   RO         4128    .text               c_p.l(__dczerorl2.o)
    0x08000514   0x08000514   0x000009f4   Code   RO           12    i.Alarmtosend       main.o
    0x08000f08   0x08000f08   0x0000046c   Code   RO           13    i.Anal_Function     main.o
    0x08001374   0x08001374   0x00000046   Code   RO          762    i.CDC_Control_FS    usbd_cdc_if.o
    0x080013ba   0x080013ba   0x00000004   Code   RO          763    i.CDC_DeInit_FS     usbd_cdc_if.o
    0x080013be   0x080013be   0x00000002   PAD
    0x080013c0   0x080013c0   0x00000024   Code   RO          764    i.CDC_Init_FS       usbd_cdc_if.o
    0x080013e4   0x080013e4   0x0000001c   Code   RO          765    i.CDC_Receive_FS    usbd_cdc_if.o
    0x08001400   0x08001400   0x00000038   Code   RO          766    i.CDC_Transmit_FS   usbd_cdc_if.o
    0x08001438   0x08001438   0x0000004c   Code   RO           14    i.CRC_Cal           main.o
    0x08001484   0x08001484   0x000006c0   Code   RO           15    i.Cal_Data1         main.o
    0x08001b44   0x08001b44   0x00000034   Code   RO           16    i.Cal_Data2         main.o
    0x08001b78   0x08001b78   0x00000080   Code   RO           17    i.Cal_Data3         main.o
    0x08001bf8   0x08001bf8   0x00001954   Code   RO           18    i.CheckAutoReset    main.o
    0x0800354c   0x0800354c   0x00000108   Code   RO           19    i.Driver595         main.o
    0x08003654   0x08003654   0x00000004   Code   RO           20    i.Error_Handler     main.o
    0x08003658   0x08003658   0x000000bc   Code   RO           21    i.FlashErase        main.o
    0x08003714   0x08003714   0x000000e8   Code   RO           22    i.FlashWrite        main.o
    0x080037fc   0x080037fc   0x00000030   Code   RO          676    i.Get_SerialNum     usbd_desc.o
    0x0800382c   0x0800382c   0x00000052   Code   RO         2169    i.HAL_DMA_Abort     stm32f0xx_hal_dma.o
    0x0800387e   0x0800387e   0x00000058   Code   RO         2170    i.HAL_DMA_Abort_IT  stm32f0xx_hal_dma.o
    0x080038d6   0x080038d6   0x00000002   PAD
    0x080038d8   0x080038d8   0x0000002c   Code   RO         1456    i.HAL_Delay         stm32f0xx_hal.o
    0x08003904   0x08003904   0x00000034   Code   RO         2472    i.HAL_FLASH_Unlock  stm32f0xx_hal_flash.o
    0x08003938   0x08003938   0x000001e8   Code   RO         2108    i.HAL_GPIO_Init     stm32f0xx_hal_gpio.o
    0x08003b20   0x08003b20   0x00000012   Code   RO         2110    i.HAL_GPIO_ReadPin  stm32f0xx_hal_gpio.o
    0x08003b32   0x08003b32   0x00000014   Code   RO         2111    i.HAL_GPIO_TogglePin  stm32f0xx_hal_gpio.o
    0x08003b46   0x08003b46   0x0000000c   Code   RO         2112    i.HAL_GPIO_WritePin  stm32f0xx_hal_gpio.o
    0x08003b52   0x08003b52   0x00000002   PAD
    0x08003b54   0x08003b54   0x0000000c   Code   RO         1460    i.HAL_GetTick       stm32f0xx_hal.o
    0x08003b60   0x08003b60   0x00000018   Code   RO         1466    i.HAL_IncTick       stm32f0xx_hal.o
    0x08003b78   0x08003b78   0x00000020   Code   RO         1467    i.HAL_Init          stm32f0xx_hal.o
    0x08003b98   0x08003b98   0x00000054   Code   RO         1468    i.HAL_InitTick      stm32f0xx_hal.o
    0x08003bec   0x08003bec   0x00000040   Code   RO          870    i.HAL_MspInit       stm32f0xx_hal_msp.o
    0x08003c2c   0x08003c2c   0x0000001c   Code   RO         2267    i.HAL_NVIC_EnableIRQ  stm32f0xx_hal_cortex.o
    0x08003c48   0x08003c48   0x00000012   Code   RO         2271    i.HAL_NVIC_SetPriority  stm32f0xx_hal_cortex.o
    0x08003c5a   0x08003c5a   0x00000034   Code   RO         1264    i.HAL_PCDEx_ActivateLPM  stm32f0xx_hal_pcd_ex.o
    0x08003c8e   0x08003c8e   0x00000002   Code   RO         1269    i.HAL_PCDEx_LPM_Callback  stm32f0xx_hal_pcd_ex.o
    0x08003c90   0x08003c90   0x00000042   Code   RO         1270    i.HAL_PCDEx_PMAConfig  stm32f0xx_hal_pcd_ex.o
    0x08003cd2   0x08003cd2   0x00000022   Code   RO          470    i.HAL_PCD_DataInStageCallback  usbd_conf.o
    0x08003cf4   0x08003cf4   0x00000024   Code   RO          471    i.HAL_PCD_DataOutStageCallback  usbd_conf.o
    0x08003d18   0x08003d18   0x00000072   Code   RO         1051    i.HAL_PCD_EP_Close  stm32f0xx_hal_pcd.o
    0x08003d8a   0x08003d8a   0x00000084   Code   RO         1052    i.HAL_PCD_EP_ClrStall  stm32f0xx_hal_pcd.o
    0x08003e0e   0x08003e0e   0x00000002   PAD
    0x08003e10   0x08003e10   0x00000158   Code   RO         1053    i.HAL_PCD_EP_DB_Receive  stm32f0xx_hal_pcd.o
    0x08003f68   0x08003f68   0x00000394   Code   RO         1054    i.HAL_PCD_EP_DB_Transmit  stm32f0xx_hal_pcd.o
    0x080042fc   0x080042fc   0x00000016   Code   RO         1056    i.HAL_PCD_EP_GetRxCount  stm32f0xx_hal_pcd.o
    0x08004312   0x08004312   0x00000094   Code   RO         1057    i.HAL_PCD_EP_Open   stm32f0xx_hal_pcd.o
    0x080043a6   0x080043a6   0x0000004c   Code   RO         1058    i.HAL_PCD_EP_Receive  stm32f0xx_hal_pcd.o
    0x080043f2   0x080043f2   0x00000080   Code   RO         1059    i.HAL_PCD_EP_SetStall  stm32f0xx_hal_pcd.o
    0x08004472   0x08004472   0x00000052   Code   RO         1060    i.HAL_PCD_EP_Transmit  stm32f0xx_hal_pcd.o
    0x080044c4   0x080044c4   0x00000214   Code   RO         1062    i.HAL_PCD_IRQHandler  stm32f0xx_hal_pcd.o
    0x080046d8   0x080046d8   0x000000fe   Code   RO         1065    i.HAL_PCD_Init      stm32f0xx_hal_pcd.o
    0x080047d6   0x080047d6   0x00000002   PAD
    0x080047d8   0x080047d8   0x00000048   Code   RO          476    i.HAL_PCD_MspInit   usbd_conf.o
    0x08004820   0x08004820   0x0000002c   Code   RO          477    i.HAL_PCD_ResetCallback  usbd_conf.o
    0x0800484c   0x0800484c   0x0000002c   Code   RO          478    i.HAL_PCD_ResumeCallback  usbd_conf.o
    0x08004878   0x08004878   0x00000012   Code   RO          479    i.HAL_PCD_SOFCallback  usbd_conf.o
    0x0800488a   0x0800488a   0x00000042   Code   RO         1071    i.HAL_PCD_SetAddress  stm32f0xx_hal_pcd.o
    0x080048cc   0x080048cc   0x00000018   Code   RO          480    i.HAL_PCD_SetupStageCallback  usbd_conf.o
    0x080048e4   0x080048e4   0x00000040   Code   RO         1073    i.HAL_PCD_Start     stm32f0xx_hal_pcd.o
    0x08004924   0x08004924   0x00000028   Code   RO          481    i.HAL_PCD_SuspendCallback  usbd_conf.o
    0x0800494c   0x0800494c   0x0000016c   Code   RO         1421    i.HAL_RCCEx_PeriphCLKConfig  stm32f0xx_hal_rcc_ex.o
    0x08004ab8   0x08004ab8   0x0000016c   Code   RO         1326    i.HAL_RCC_ClockConfig  stm32f0xx_hal_rcc.o
    0x08004c24   0x08004c24   0x0000000c   Code   RO         1331    i.HAL_RCC_GetHCLKFreq  stm32f0xx_hal_rcc.o
    0x08004c30   0x08004c30   0x00000024   Code   RO         1333    i.HAL_RCC_GetPCLK1Freq  stm32f0xx_hal_rcc.o
    0x08004c54   0x08004c54   0x000000d4   Code   RO         1334    i.HAL_RCC_GetSysClockFreq  stm32f0xx_hal_rcc.o
    0x08004d28   0x08004d28   0x0000058c   Code   RO         1337    i.HAL_RCC_OscConfig  stm32f0xx_hal_rcc.o
    0x080052b4   0x080052b4   0x0000010c   Code   RO         2739    i.HAL_SPI_Init      stm32f0xx_hal_spi.o
    0x080053c0   0x080053c0   0x00000100   Code   RO          872    i.HAL_SPI_MspInit   stm32f0xx_hal_msp.o
    0x080054c0   0x080054c0   0x000001ca   Code   RO         2742    i.HAL_SPI_Receive   stm32f0xx_hal_spi.o
    0x0800568a   0x0800568a   0x000001cc   Code   RO         2747    i.HAL_SPI_Transmit  stm32f0xx_hal_spi.o
    0x08005856   0x08005856   0x0000026a   Code   RO         2748    i.HAL_SPI_TransmitReceive  stm32f0xx_hal_spi.o
    0x08005ac0   0x08005ac0   0x00000218   Code   RO           24    i.HAL_SYSTICK_Callback  main.o
    0x08005cd8   0x08005cd8   0x00000038   Code   RO         2275    i.HAL_SYSTICK_Config  stm32f0xx_hal_cortex.o
    0x08005d10   0x08005d10   0x00000008   Code   RO         2276    i.HAL_SYSTICK_IRQHandler  stm32f0xx_hal_cortex.o
    0x08005d18   0x08005d18   0x00000002   Code   RO         3106    i.HAL_UARTEx_RxEventCallback  stm32f0xx_hal_uart.o
    0x08005d1a   0x08005d1a   0x00000002   Code   RO         3122    i.HAL_UART_ErrorCallback  stm32f0xx_hal_uart.o
    0x08005d1c   0x08005d1c   0x000002e8   Code   RO         3125    i.HAL_UART_IRQHandler  stm32f0xx_hal_uart.o
    0x08006004   0x08006004   0x0000007e   Code   RO         3126    i.HAL_UART_Init     stm32f0xx_hal_uart.o
    0x08006082   0x08006082   0x00000002   PAD
    0x08006084   0x08006084   0x00000090   Code   RO          874    i.HAL_UART_MspInit  stm32f0xx_hal_msp.o
    0x08006114   0x08006114   0x00000078   Code   RO         3131    i.HAL_UART_Receive_IT  stm32f0xx_hal_uart.o
    0x0800618c   0x0800618c   0x00000002   Code   RO           25    i.HAL_UART_RxCpltCallback  main.o
    0x0800618e   0x0800618e   0x00000102   Code   RO         3135    i.HAL_UART_Transmit  stm32f0xx_hal_uart.o
    0x08006290   0x08006290   0x00000002   Code   RO         3138    i.HAL_UART_TxCpltCallback  stm32f0xx_hal_uart.o
    0x08006292   0x08006292   0x00000004   Code   RO          810    i.HardFault_Handler  stm32f0xx_it.o
    0x08006296   0x08006296   0x00000012   Code   RO           27    i.IO_INPUT_B        main.o
    0x080062a8   0x080062a8   0x00000012   Code   RO           28    i.IO_OUTPUT_A       main.o
    0x080062ba   0x080062ba   0x00000012   Code   RO           29    i.IO_OUTPUT_B       main.o
    0x080062cc   0x080062cc   0x00000070   Code   RO           30    i.IO_READ_REGISTER  main.o
    0x0800633c   0x0800633c   0x00000012   Code   RO           31    i.IO_SET_TRIS_A     main.o
    0x0800634e   0x0800634e   0x00000012   Code   RO           32    i.IO_SET_TRIS_B     main.o
    0x08006360   0x08006360   0x00000040   Code   RO           33    i.IO_WRITE_REGISTER  main.o
    0x080063a0   0x080063a0   0x00000036   Code   RO          677    i.IntToUnicode      usbd_desc.o
    0x080063d6   0x080063d6   0x00000002   PAD
    0x080063d8   0x080063d8   0x00000064   Code   RO           34    i.MCP23S17_INIT     main.o
    0x0800643c   0x0800643c   0x0000015c   Code   RO           35    i.MX_GPIO_Init      main.o
    0x08006598   0x08006598   0x00000054   Code   RO           36    i.MX_SPI1_Init      main.o
    0x080065ec   0x080065ec   0x00000054   Code   RO           37    i.MX_SPI2_Init      main.o
    0x08006640   0x08006640   0x00000044   Code   RO           38    i.MX_USART1_UART_Init  main.o
    0x08006684   0x08006684   0x00000054   Code   RO          442    i.MX_USB_DEVICE_Init  usb_device.o
    0x080066d8   0x080066d8   0x00000e64   Code   RO           39    i.Modbus_Function   main.o
    0x0800753c   0x0800753c   0x00000002   Code   RO          811    i.NMI_Handler       stm32f0xx_it.o
    0x0800753e   0x0800753e   0x00000002   PAD
    0x08007540   0x08007540   0x0000042c   Code   RO         1076    i.PCD_EP_ISR_Handler  stm32f0xx_hal_pcd.o
    0x0800796c   0x0800796c   0x00000002   Code   RO          812    i.PendSV_Handler    stm32f0xx_it.o
    0x0800796e   0x0800796e   0x00000002   PAD
    0x08007970   0x08007970   0x00000fdc   Code   RO           40    i.Read_Config       main.o
    0x0800894c   0x0800894c   0x00000718   Code   RO           41    i.Read_input        main.o
    0x08009064   0x08009064   0x0000008e   Code   RO         2776    i.SPI_EndRxTransaction  stm32f0xx_hal_spi.o
    0x080090f2   0x080090f2   0x0000006a   Code   RO         2777    i.SPI_EndRxTxTransaction  stm32f0xx_hal_spi.o
    0x0800915c   0x0800915c   0x000000e8   Code   RO         2782    i.SPI_WaitFifoStateUntilTimeout  stm32f0xx_hal_spi.o
    0x08009244   0x08009244   0x000000dc   Code   RO         2783    i.SPI_WaitFlagStateUntilTimeout  stm32f0xx_hal_spi.o
    0x08009320   0x08009320   0x00000002   Code   RO          813    i.SVC_Handler       stm32f0xx_it.o
    0x08009322   0x08009322   0x00000002   PAD
    0x08009324   0x08009324   0x00000570   Code   RO           42    i.Send_Ouput        main.o
    0x08009894   0x08009894   0x00000078   Code   RO           43    i.StoreReleaseFault  main.o
    0x0800990c   0x0800990c   0x0000000c   Code   RO          814    i.SysTick_Handler   stm32f0xx_it.o
    0x08009918   0x08009918   0x00000008   Code   RO          482    i.SystemClockConfig_Resume  usbd_conf.o
    0x08009920   0x08009920   0x00000084   Code   RO           44    i.SystemClock_Config  main.o
    0x080099a4   0x080099a4   0x00000080   Code   RO         3525    i.SystemInit        system_stm32f0xx.o
    0x08009a24   0x08009a24   0x000000f0   Code   RO         3140    i.UART_AdvFeatureConfig  stm32f0xx_hal_uart.o
    0x08009b14   0x08009b14   0x00000074   Code   RO         3141    i.UART_CheckIdleState  stm32f0xx_hal_uart.o
    0x08009b88   0x08009b88   0x00000018   Code   RO         3142    i.UART_DMAAbortOnError  stm32f0xx_hal_uart.o
    0x08009ba0   0x08009ba0   0x00000038   Code   RO         3152    i.UART_EndRxTransfer  stm32f0xx_hal_uart.o
    0x08009bd8   0x08009bd8   0x00000020   Code   RO         3153    i.UART_EndTransmit_IT  stm32f0xx_hal_uart.o
    0x08009bf8   0x08009bf8   0x0000008c   Code   RO         3155    i.UART_RxISR_16BIT  stm32f0xx_hal_uart.o
    0x08009c84   0x08009c84   0x0000008c   Code   RO         3156    i.UART_RxISR_8BIT   stm32f0xx_hal_uart.o
    0x08009d10   0x08009d10   0x000001bc   Code   RO         3157    i.UART_SetConfig    stm32f0xx_hal_uart.o
    0x08009ecc   0x08009ecc   0x000000d0   Code   RO         3159    i.UART_Start_Receive_IT  stm32f0xx_hal_uart.o
    0x08009f9c   0x08009f9c   0x000000c0   Code   RO         3162    i.UART_WaitOnFlagUntilTimeout  stm32f0xx_hal_uart.o
    0x0800a05c   0x0800a05c   0x0000003c   Code   RO          815    i.USART1_IRQHandler  stm32f0xx_it.o
    0x0800a098   0x0800a098   0x0000007c   Code   RO         3838    i.USBD_CDC_DataIn   usbd_cdc.o
    0x0800a114   0x0800a114   0x00000048   Code   RO         3839    i.USBD_CDC_DataOut  usbd_cdc.o
    0x0800a15c   0x0800a15c   0x00000062   Code   RO         3840    i.USBD_CDC_DeInit   usbd_cdc.o
    0x0800a1be   0x0800a1be   0x00000002   PAD
    0x0800a1c0   0x0800a1c0   0x00000048   Code   RO         3841    i.USBD_CDC_EP0_RxReady  usbd_cdc.o
    0x0800a208   0x0800a208   0x00000010   Code   RO         3842    i.USBD_CDC_GetDeviceQualifierDescriptor  usbd_cdc.o
    0x0800a218   0x0800a218   0x00000010   Code   RO         3843    i.USBD_CDC_GetFSCfgDesc  usbd_cdc.o
    0x0800a228   0x0800a228   0x00000010   Code   RO         3844    i.USBD_CDC_GetHSCfgDesc  usbd_cdc.o
    0x0800a238   0x0800a238   0x00000010   Code   RO         3845    i.USBD_CDC_GetOtherSpeedCfgDesc  usbd_cdc.o
    0x0800a248   0x0800a248   0x000000d2   Code   RO         3846    i.USBD_CDC_Init     usbd_cdc.o
    0x0800a31a   0x0800a31a   0x00000048   Code   RO         3847    i.USBD_CDC_ReceivePacket  usbd_cdc.o
    0x0800a362   0x0800a362   0x00000014   Code   RO         3848    i.USBD_CDC_RegisterInterface  usbd_cdc.o
    0x0800a376   0x0800a376   0x00000014   Code   RO         3849    i.USBD_CDC_SetRxBuffer  usbd_cdc.o
    0x0800a38a   0x0800a38a   0x0000001c   Code   RO         3850    i.USBD_CDC_SetTxBuffer  usbd_cdc.o
    0x0800a3a6   0x0800a3a6   0x00000112   Code   RO         3851    i.USBD_CDC_Setup    usbd_cdc.o
    0x0800a4b8   0x0800a4b8   0x0000004e   Code   RO         3852    i.USBD_CDC_TransmitPacket  usbd_cdc.o
    0x0800a506   0x0800a506   0x0000001a   Code   RO         3557    i.USBD_ClrClassConfig  usbd_core.o
    0x0800a520   0x0800a520   0x00000046   Code   RO         3691    i.USBD_ClrFeature   usbd_ctlreq.o
    0x0800a566   0x0800a566   0x00000018   Code   RO         3782    i.USBD_CtlContinueRx  usbd_ioreq.o
    0x0800a57e   0x0800a57e   0x00000018   Code   RO         3783    i.USBD_CtlContinueSendData  usbd_ioreq.o
    0x0800a596   0x0800a596   0x00000018   Code   RO         3692    i.USBD_CtlError     usbd_ctlreq.o
    0x0800a5ae   0x0800a5ae   0x0000002c   Code   RO         3784    i.USBD_CtlPrepareRx  usbd_ioreq.o
    0x0800a5da   0x0800a5da   0x0000001c   Code   RO         3785    i.USBD_CtlReceiveStatus  usbd_ioreq.o
    0x0800a5f6   0x0800a5f6   0x00000026   Code   RO         3786    i.USBD_CtlSendData  usbd_ioreq.o
    0x0800a61c   0x0800a61c   0x0000001e   Code   RO         3787    i.USBD_CtlSendStatus  usbd_ioreq.o
    0x0800a63a   0x0800a63a   0x00000002   PAD
    0x0800a63c   0x0800a63c   0x00000034   Code   RO          678    i.USBD_FS_ConfigStrDescriptor  usbd_desc.o
    0x0800a670   0x0800a670   0x00000010   Code   RO          679    i.USBD_FS_DeviceDescriptor  usbd_desc.o
    0x0800a680   0x0800a680   0x00000038   Code   RO          680    i.USBD_FS_InterfaceStrDescriptor  usbd_desc.o
    0x0800a6b8   0x0800a6b8   0x00000010   Code   RO          681    i.USBD_FS_LangIDStrDescriptor  usbd_desc.o
    0x0800a6c8   0x0800a6c8   0x00000020   Code   RO          682    i.USBD_FS_ManufacturerStrDescriptor  usbd_desc.o
    0x0800a6e8   0x0800a6e8   0x00000034   Code   RO          683    i.USBD_FS_ProductStrDescriptor  usbd_desc.o
    0x0800a71c   0x0800a71c   0x00000018   Code   RO          684    i.USBD_FS_SerialStrDescriptor  usbd_desc.o
    0x0800a734   0x0800a734   0x0000005a   Code   RO         3693    i.USBD_GetConfig    usbd_ctlreq.o
    0x0800a78e   0x0800a78e   0x00000250   Code   RO         3694    i.USBD_GetDescriptor  usbd_ctlreq.o
    0x0800a9de   0x0800a9de   0x00000014   Code   RO         3695    i.USBD_GetLen       usbd_ctlreq.o
    0x0800a9f2   0x0800a9f2   0x00000064   Code   RO         3696    i.USBD_GetStatus    usbd_ctlreq.o
    0x0800aa56   0x0800aa56   0x0000004e   Code   RO         3697    i.USBD_GetString    usbd_ctlreq.o
    0x0800aaa4   0x0800aaa4   0x0000002e   Code   RO          483    i.USBD_Get_USB_Status  usbd_conf.o
    0x0800aad2   0x0800aad2   0x00000048   Code   RO         3559    i.USBD_Init         usbd_core.o
    0x0800ab1a   0x0800ab1a   0x00000026   Code   RO          484    i.USBD_LL_ClearStallEP  usbd_conf.o
    0x0800ab40   0x0800ab40   0x00000026   Code   RO          485    i.USBD_LL_CloseEP   usbd_conf.o
    0x0800ab66   0x0800ab66   0x00000136   Code   RO         3560    i.USBD_LL_DataInStage  usbd_core.o
    0x0800ac9c   0x0800ac9c   0x000000cc   Code   RO         3561    i.USBD_LL_DataOutStage  usbd_core.o
    0x0800ad68   0x0800ad68   0x00000016   Code   RO          489    i.USBD_LL_GetRxDataSize  usbd_conf.o
    0x0800ad7e   0x0800ad7e   0x00000002   PAD
    0x0800ad80   0x0800ad80   0x000000a8   Code   RO          490    i.USBD_LL_Init      usbd_conf.o
    0x0800ae28   0x0800ae28   0x00000038   Code   RO          491    i.USBD_LL_IsStallEP  usbd_conf.o
    0x0800ae60   0x0800ae60   0x00000030   Code   RO          492    i.USBD_LL_OpenEP    usbd_conf.o
    0x0800ae90   0x0800ae90   0x00000030   Code   RO          493    i.USBD_LL_PrepareReceive  usbd_conf.o
    0x0800aec0   0x0800aec0   0x00000072   Code   RO         3566    i.USBD_LL_Reset     usbd_core.o
    0x0800af32   0x0800af32   0x00000022   Code   RO         3567    i.USBD_LL_Resume    usbd_core.o
    0x0800af54   0x0800af54   0x00000030   Code   RO         3568    i.USBD_LL_SOF       usbd_core.o
    0x0800af84   0x0800af84   0x00000008   Code   RO         3569    i.USBD_LL_SetSpeed  usbd_core.o
    0x0800af8c   0x0800af8c   0x00000026   Code   RO          494    i.USBD_LL_SetUSBAddress  usbd_conf.o
    0x0800afb2   0x0800afb2   0x0000008c   Code   RO         3570    i.USBD_LL_SetupStage  usbd_core.o
    0x0800b03e   0x0800b03e   0x00000026   Code   RO          495    i.USBD_LL_StallEP   usbd_conf.o
    0x0800b064   0x0800b064   0x00000022   Code   RO          496    i.USBD_LL_Start     usbd_conf.o
    0x0800b086   0x0800b086   0x00000020   Code   RO         3571    i.USBD_LL_Suspend   usbd_core.o
    0x0800b0a6   0x0800b0a6   0x00000030   Code   RO          498    i.USBD_LL_Transmit  usbd_conf.o
    0x0800b0d6   0x0800b0d6   0x00000028   Code   RO         3698    i.USBD_ParseSetupRequest  usbd_ctlreq.o
    0x0800b0fe   0x0800b0fe   0x00000016   Code   RO         3572    i.USBD_RegisterClass  usbd_core.o
    0x0800b114   0x0800b114   0x00000006   Code   RO         3573    i.USBD_RunTestMode  usbd_core.o
    0x0800b11a   0x0800b11a   0x00000070   Code   RO         3699    i.USBD_SetAddress   usbd_ctlreq.o
    0x0800b18a   0x0800b18a   0x0000002e   Code   RO         3574    i.USBD_SetClassConfig  usbd_core.o
    0x0800b1b8   0x0800b1b8   0x000000f8   Code   RO         3700    i.USBD_SetConfig    usbd_ctlreq.o
    0x0800b2b0   0x0800b2b0   0x0000001c   Code   RO         3701    i.USBD_SetFeature   usbd_ctlreq.o
    0x0800b2cc   0x0800b2cc   0x0000000e   Code   RO         3575    i.USBD_Start        usbd_core.o
    0x0800b2da   0x0800b2da   0x000000a8   Code   RO         3702    i.USBD_StdDevReq    usbd_ctlreq.o
    0x0800b382   0x0800b382   0x00000256   Code   RO         3703    i.USBD_StdEPReq     usbd_ctlreq.o
    0x0800b5d8   0x0800b5d8   0x0000008c   Code   RO         3704    i.USBD_StdItfReq    usbd_ctlreq.o
    0x0800b664   0x0800b664   0x00000002   Code   RO          499    i.USBD_static_free  usbd_conf.o
    0x0800b666   0x0800b666   0x00000002   PAD
    0x0800b668   0x0800b668   0x0000000c   Code   RO          500    i.USBD_static_malloc  usbd_conf.o
    0x0800b674   0x0800b674   0x00000436   Code   RO          914    i.USB_ActivateEndpoint  stm32f0xx_ll_usb.o
    0x0800baaa   0x0800baaa   0x00000002   PAD
    0x0800baac   0x0800baac   0x00000264   Code   RO          918    i.USB_DeactivateEndpoint  stm32f0xx_ll_usb.o
    0x0800bd10   0x0800bd10   0x00000014   Code   RO          919    i.USB_DevConnect    stm32f0xx_ll_usb.o
    0x0800bd24   0x0800bd24   0x0000001a   Code   RO          921    i.USB_DevInit       stm32f0xx_ll_usb.o
    0x0800bd3e   0x0800bd3e   0x00000002   PAD
    0x0800bd40   0x0800bd40   0x00000018   Code   RO          922    i.USB_DisableGlobalInt  stm32f0xx_ll_usb.o
    0x0800bd58   0x0800bd58   0x000000d8   Code   RO          923    i.USB_EPClearStall  stm32f0xx_ll_usb.o
    0x0800be30   0x0800be30   0x0000005c   Code   RO          924    i.USB_EPSetStall    stm32f0xx_ll_usb.o
    0x0800be8c   0x0800be8c   0x000009cc   Code   RO          925    i.USB_EPStartXfer   stm32f0xx_ll_usb.o
    0x0800c858   0x0800c858   0x00000018   Code   RO          926    i.USB_EnableGlobalInt  stm32f0xx_ll_usb.o
    0x0800c870   0x0800c870   0x00000014   Code   RO          816    i.USB_IRQHandler    stm32f0xx_it.o
    0x0800c884   0x0800c884   0x00000008   Code   RO          927    i.USB_ReadInterrupts  stm32f0xx_ll_usb.o
    0x0800c88c   0x0800c88c   0x00000040   Code   RO          928    i.USB_ReadPMA       stm32f0xx_ll_usb.o
    0x0800c8cc   0x0800c8cc   0x00000010   Code   RO          930    i.USB_SetDevAddress  stm32f0xx_ll_usb.o
    0x0800c8dc   0x0800c8dc   0x0000003a   Code   RO          932    i.USB_WritePMA      stm32f0xx_ll_usb.o
    0x0800c916   0x0800c916   0x00000002   PAD
    0x0800c918   0x0800c918   0x0000001c   Code   RO           45    i.Write_Flash       main.o
    0x0800c934   0x0800c934   0x00000030   Code   RO         1412    i.__ARM_common_ll_muluu  stm32f0xx_hal_rcc.o
    0x0800c964   0x0800c964   0x0000001c   Code   RO         2258    i.__ARM_common_switch8  stm32f0xx_hal_dma.o
    0x0800c980   0x0800c980   0x00000078   Code   RO         2277    i.__NVIC_SetPriority  stm32f0xx_hal_cortex.o
    0x0800c9f8   0x0800c9f8   0x00000278   Code   RO           46    i.checkCommand      main.o
    0x0800cc70   0x0800cc70   0x00000524   Code   RO           47    i.checkSetting      main.o
    0x0800d194   0x0800d194   0x0000008c   Code   RO           48    i.check_Refault     main.o
    0x0800d220   0x0800d220   0x00000154   Code   RO           49    i.check_Ringback    main.o
    0x0800d374   0x0800d374   0x0000011c   Code   RO           50    i.check_ack         main.o
    0x0800d490   0x0800d490   0x00000144   Code   RO           51    i.check_ack2        main.o
    0x0800d5d4   0x0800d5d4   0x00000134   Code   RO           52    i.check_reset       main.o
    0x0800d708   0x0800d708   0x00000264   Code   RO           53    i.check_test        main.o
    0x0800d96c   0x0800d96c   0x00000016   Code   RO           54    i.delay_us          main.o
    0x0800d982   0x0800d982   0x00000002   PAD
    0x0800d984   0x0800d984   0x00000748   Code   RO           55    i.main              main.o
    0x0800e0cc   0x0800e0cc   0x00000080   Code   RO           56    i.refaultindex      main.o
    0x0800e14c   0x0800e14c   0x0000021a   Data   RO           58    .constdata          main.o
    0x0800e366   0x0800e366   0x00000018   Data   RO         3526    .constdata          system_stm32f0xx.o
    0x0800e37e   0x0800e37e   0x00000002   PAD
    0x0800e380   0x0800e380   0x00000020   Data   RO         4126    Region$$Table       anon$$obj.o


    Execution Region RW_IRAM1 (Exec base: 0x20000000, Load base: 0x0800e3a0, Size: 0x000037c8, Max: 0x00004000, ABSOLUTE, COMPRESSED[0x000000d4])

    Exec Addr    Load Addr    Size         Type   Attr      Idx    E Section Name        Object

    0x20000000   COMPRESSED   0x000000d7   Data   RW           59    .data               main.o
    0x200000d7   COMPRESSED   0x00000001   PAD
    0x200000d8   COMPRESSED   0x0000004e   Data   RW          686    .data               usbd_desc.o
    0x20000126   COMPRESSED   0x00000002   PAD
    0x20000128   COMPRESSED   0x00000010   Data   RW          768    .data               usbd_cdc_if.o
    0x20000138   COMPRESSED   0x00000009   Data   RW         1474    .data               stm32f0xx_hal.o
    0x20000141   COMPRESSED   0x00000003   PAD
    0x20000144   COMPRESSED   0x00000004   Data   RW         3527    .data               system_stm32f0xx.o
    0x20000148   COMPRESSED   0x00000001   Data   RW         3705    .data               usbd_ctlreq.o
    0x20000149   COMPRESSED   0x00000003   PAD
    0x2000014c   COMPRESSED   0x0000010f   Data   RW         3853    .data               usbd_cdc.o
    0x2000025b   COMPRESSED   0x00000001   PAD
    0x2000025c        -       0x00001360   Zero   RW           57    .bss                main.o
    0x200015bc        -       0x000002c4   Zero   RW          443    .bss                usb_device.o
    0x20001880        -       0x00000514   Zero   RW          501    .bss                usbd_conf.o
    0x20001d94        -       0x00000200   Zero   RW          685    .bss                usbd_desc.o
    0x20001f94        -       0x000007d0   Zero   RW          767    .bss                usbd_cdc_if.o
    0x20002764        -       0x00000060   Zero   RW         3999    .bss                c_p.l(libspace.o)
    0x200027c4   COMPRESSED   0x00000004   PAD
    0x200027c8        -       0x00000800   Zero   RW            2    HEAP                startup_stm32f070xb.o
    0x20002fc8        -       0x00000800   Zero   RW            1    STACK               startup_stm32f070xb.o


==============================================================================

Image component sizes


      Code (inc. data)   RO Data    RW Data    ZI Data      Debug   Object Name

     31526       2228        538        215       4960     332226   main.o
        56         26        192          0       4096        720   startup_stm32f070xb.o
       196         38          0          9          0       8953   stm32f0xx_hal.o
       230         26          0          0          0      11366   stm32f0xx_hal_cortex.o
       198          0          0          0          0       1979   stm32f0xx_hal_dma.o
        52         12          0          0          0        635   stm32f0xx_hal_flash.o
       538         24          0          0          0       3856   stm32f0xx_hal_gpio.o
       464         28          0          0          0       2623   stm32f0xx_hal_msp.o
      3946         62          0          0          0      14937   stm32f0xx_hal_pcd.o
       120          0          0          0          0       2683   stm32f0xx_hal_pcd_ex.o
      2092         94          0          0          0       5629   stm32f0xx_hal_rcc.o
       364         14          0          0          0       1568   stm32f0xx_hal_rcc_ex.o
      2504         12          0          0          0       9526   stm32f0xx_hal_spi.o
      2846         60          0          0          0      14977   stm32f0xx_hal_uart.o
       102         24          0          0          0       3580   stm32f0xx_it.o
      4746         90          0          0          0      17904   stm32f0xx_ll_usb.o
       128         12         24          4          0       1387   system_stm32f0xx.o
        84         16          0          0        708        888   usb_device.o
      1132         28          0        271          0      14370   usbd_cdc.o
       194         24          0         16       2000       3924   usbd_cdc_if.o
       956         38          0          0       1300      15938   usbd_conf.o
      1076          0          0          0          0      11071   usbd_core.o
      2308         34          0          1          0      11844   usbd_ctlreq.o
       350         90          0         78        512       7157   usbd_desc.o
       188          0          0          0          0       5068   usbd_ioreq.o

    ----------------------------------------------------------------------
     56432       2980        788        604      13576     504809   Object Totals
         0          0         32          0          0          0   (incl. Generated)
        36          0          2         10          0          0   (incl. Padding)

    ----------------------------------------------------------------------

      Code (inc. data)   RO Data    RW Data    ZI Data      Debug   Library Member Name

        86          0          0          0          0          0   __dczerorl2.o
         8          0          0          0          0         68   __main.o
         0          0          0          0          0          0   __rtentry.o
        12          0          0          0          0          0   __rtentry2.o
         6          0          0          0          0          0   __rtentry4.o
        60          8          0          0          0          0   __scatter.o
        28          0          0          0          0          0   __scatter_zi.o
       346          0          0          0          0         92   aeabi_sdiv.o
        16          0          0          0          0         68   exit.o
         6          0          0          0          0        136   heapauxi.o
         0          0          0          0          0          0   indicate_semi.o
         2          0          0          0          0          0   libinit.o
         2          0          0          0          0          0   libinit2.o
         2          0          0          0          0          0   libshutdown.o
         2          0          0          0          0          0   libshutdown2.o
         8          4          0          0         96         68   libspace.o
       258          0          0          0          0         88   lludiv.o
        64          0          0          0          0        108   rt_memclr.o
        56          0          0          0          0         68   rt_memcpy.o
         2          0          0          0          0          0   rtexit.o
        10          0          0          0          0          0   rtexit2.o
        12          4          0          0          0         60   sys_exit.o
        62          0          0          0          0         80   sys_stackheap_outer.o
         2          0          0          0          0         68   use_no_semi.o

    ----------------------------------------------------------------------
      1052         16          0          0        100        904   Library Totals
         2          0          0          0          4          0   (incl. Padding)

    ----------------------------------------------------------------------

      Code (inc. data)   RO Data    RW Data    ZI Data      Debug   Library Name

      1050         16          0          0         96        904   c_p.l

    ----------------------------------------------------------------------
      1052         16          0          0        100        904   Library Totals

    ----------------------------------------------------------------------

==============================================================================


      Code (inc. data)   RO Data    RW Data    ZI Data      Debug   

     57484       2996        788        604      13676     495929   Grand Totals
     57484       2996        788        212      13676     495929   ELF Image Totals (compressed)
     57484       2996        788        212          0          0   ROM Totals

==============================================================================

    Total RO  Size (Code + RO Data)                58272 (  56.91kB)
    Total RW  Size (RW Data + ZI Data)             14280 (  13.95kB)
    Total ROM Size (Code + RO Data + RW Data)      58484 (  57.11kB)

==============================================================================

